Archive member included to satisfy reference by file (symbol)

c:/Users/mc_sd/AppData/Roaming/Code/User/globalStorage/bmd.stm32-for-vscode/@xpack-dev-tools/arm-none-eabi-gcc/14.2.1-1.1.1/.content/bin/../lib/gcc/arm-none-eabi/14.2.1/../../../../arm-none-eabi/lib/thumb/v7e-m+fp/hard\libc_nano.a(libc_a-atexit.o)
                              c:/Users/mc_sd/AppData/Roaming/Code/User/globalStorage/bmd.stm32-for-vscode/@xpack-dev-tools/arm-none-eabi-gcc/14.2.1-1.1.1/.content/bin/../lib/gcc/arm-none-eabi/14.2.1/../../../../arm-none-eabi/lib/thumb/v7e-m+fp/hard/crt0.o (atexit)
c:/Users/mc_sd/AppData/Roaming/Code/User/globalStorage/bmd.stm32-for-vscode/@xpack-dev-tools/arm-none-eabi-gcc/14.2.1-1.1.1/.content/bin/../lib/gcc/arm-none-eabi/14.2.1/../../../../arm-none-eabi/lib/thumb/v7e-m+fp/hard\libc_nano.a(libc_a-exit.o)
                              c:/Users/mc_sd/AppData/Roaming/Code/User/globalStorage/bmd.stm32-for-vscode/@xpack-dev-tools/arm-none-eabi-gcc/14.2.1-1.1.1/.content/bin/../lib/gcc/arm-none-eabi/14.2.1/../../../../arm-none-eabi/lib/thumb/v7e-m+fp/hard/crt0.o (exit)
c:/Users/mc_sd/AppData/Roaming/Code/User/globalStorage/bmd.stm32-for-vscode/@xpack-dev-tools/arm-none-eabi-gcc/14.2.1-1.1.1/.content/bin/../lib/gcc/arm-none-eabi/14.2.1/../../../../arm-none-eabi/lib/thumb/v7e-m+fp/hard\libc_nano.a(libc_a-findfp.o)
                              c:/Users/mc_sd/AppData/Roaming/Code/User/globalStorage/bmd.stm32-for-vscode/@xpack-dev-tools/arm-none-eabi-gcc/14.2.1-1.1.1/.content/bin/../lib/gcc/arm-none-eabi/14.2.1/../../../../arm-none-eabi/lib/thumb/v7e-m+fp/hard\libc_nano.a(libc_a-exit.o) (__stdio_exit_handler)
c:/Users/mc_sd/AppData/Roaming/Code/User/globalStorage/bmd.stm32-for-vscode/@xpack-dev-tools/arm-none-eabi-gcc/14.2.1-1.1.1/.content/bin/../lib/gcc/arm-none-eabi/14.2.1/../../../../arm-none-eabi/lib/thumb/v7e-m+fp/hard\libc_nano.a(libc_a-fwalk.o)
                              c:/Users/mc_sd/AppData/Roaming/Code/User/globalStorage/bmd.stm32-for-vscode/@xpack-dev-tools/arm-none-eabi-gcc/14.2.1-1.1.1/.content/bin/../lib/gcc/arm-none-eabi/14.2.1/../../../../arm-none-eabi/lib/thumb/v7e-m+fp/hard\libc_nano.a(libc_a-findfp.o) (_fwalk_sglue)
c:/Users/mc_sd/AppData/Roaming/Code/User/globalStorage/bmd.stm32-for-vscode/@xpack-dev-tools/arm-none-eabi-gcc/14.2.1-1.1.1/.content/bin/../lib/gcc/arm-none-eabi/14.2.1/../../../../arm-none-eabi/lib/thumb/v7e-m+fp/hard\libc_nano.a(libc_a-stdio.o)
                              c:/Users/mc_sd/AppData/Roaming/Code/User/globalStorage/bmd.stm32-for-vscode/@xpack-dev-tools/arm-none-eabi-gcc/14.2.1-1.1.1/.content/bin/../lib/gcc/arm-none-eabi/14.2.1/../../../../arm-none-eabi/lib/thumb/v7e-m+fp/hard\libc_nano.a(libc_a-findfp.o) (__sread)
c:/Users/mc_sd/AppData/Roaming/Code/User/globalStorage/bmd.stm32-for-vscode/@xpack-dev-tools/arm-none-eabi-gcc/14.2.1-1.1.1/.content/bin/../lib/gcc/arm-none-eabi/14.2.1/../../../../arm-none-eabi/lib/thumb/v7e-m+fp/hard\libc_nano.a(libc_a-memset.o)
                              c:/Users/mc_sd/AppData/Roaming/Code/User/globalStorage/bmd.stm32-for-vscode/@xpack-dev-tools/arm-none-eabi-gcc/14.2.1-1.1.1/.content/bin/../lib/gcc/arm-none-eabi/14.2.1/../../../../arm-none-eabi/lib/thumb/v7e-m+fp/hard/crt0.o (memset)
c:/Users/mc_sd/AppData/Roaming/Code/User/globalStorage/bmd.stm32-for-vscode/@xpack-dev-tools/arm-none-eabi-gcc/14.2.1-1.1.1/.content/bin/../lib/gcc/arm-none-eabi/14.2.1/../../../../arm-none-eabi/lib/thumb/v7e-m+fp/hard\libc_nano.a(libc_a-closer.o)
                              c:/Users/mc_sd/AppData/Roaming/Code/User/globalStorage/bmd.stm32-for-vscode/@xpack-dev-tools/arm-none-eabi-gcc/14.2.1-1.1.1/.content/bin/../lib/gcc/arm-none-eabi/14.2.1/../../../../arm-none-eabi/lib/thumb/v7e-m+fp/hard\libc_nano.a(libc_a-stdio.o) (_close_r)
c:/Users/mc_sd/AppData/Roaming/Code/User/globalStorage/bmd.stm32-for-vscode/@xpack-dev-tools/arm-none-eabi-gcc/14.2.1-1.1.1/.content/bin/../lib/gcc/arm-none-eabi/14.2.1/../../../../arm-none-eabi/lib/thumb/v7e-m+fp/hard\libc_nano.a(libc_a-reent.o)
                              c:/Users/mc_sd/AppData/Roaming/Code/User/globalStorage/bmd.stm32-for-vscode/@xpack-dev-tools/arm-none-eabi-gcc/14.2.1-1.1.1/.content/bin/../lib/gcc/arm-none-eabi/14.2.1/../../../../arm-none-eabi/lib/thumb/v7e-m+fp/hard\libc_nano.a(libc_a-closer.o) (errno)
c:/Users/mc_sd/AppData/Roaming/Code/User/globalStorage/bmd.stm32-for-vscode/@xpack-dev-tools/arm-none-eabi-gcc/14.2.1-1.1.1/.content/bin/../lib/gcc/arm-none-eabi/14.2.1/../../../../arm-none-eabi/lib/thumb/v7e-m+fp/hard\libc_nano.a(libc_a-impure.o)
                              c:/Users/mc_sd/AppData/Roaming/Code/User/globalStorage/bmd.stm32-for-vscode/@xpack-dev-tools/arm-none-eabi-gcc/14.2.1-1.1.1/.content/bin/../lib/gcc/arm-none-eabi/14.2.1/../../../../arm-none-eabi/lib/thumb/v7e-m+fp/hard\libc_nano.a(libc_a-reent.o) (_impure_ptr)
[...]
Memory Configuration

Name             Origin             Length             Attributes
RAM              0x20000000         0x00020000         xrw
FLASH            0x08000000         0x00080000         xr
*default*        0x00000000         0xffffffff

Linker script and memory map

LOAD c:/Users/mc_sd/AppData/Roaming/Code/User/globalStorage/bmd.stm32-for-vscode/@xpack-dev-tools/arm-none-eabi-gcc/14.2.1-1.1.1/.content/bin/../lib/gcc/arm-none-eabi/14.2.1/thumb/v7e-m+fp/hard/crti.o
LOAD c:/Users/mc_sd/AppData/Roaming/Code/User/globalStorage/bmd.stm32-for-vscode/@xpack-dev-tools/arm-none-eabi-gcc/14.2.1-1.1.1/.content/bin/../lib/gcc/arm-none-eabi/14.2.1/thumb/v7e-m+fp/hard/crtbegin.o
LOAD c:/Users/mc_sd/AppData/Roaming/Code/User/globalStorage/bmd.stm32-for-vscode/@xpack-dev-tools/arm-none-eabi-gcc/14.2.1-1.1.1/.content/bin/../lib/gcc/arm-none-eabi/14.2.1/../../../../arm-none-eabi/lib/thumb/v7e-m+fp/hard/crt0.o
LOAD build/debug/dma.o
LOAD build/debug/gpio.o
LOAD build/debug/main.o
LOAD build/debug/spi.o
LOAD build/debug/stm32f4xx_hal.o
LOAD build/debug/stm32f4xx_hal_cortex.o
LOAD build/debug/stm32f4xx_hal_dma.o
LOAD build/debug/stm32f4xx_hal_dma_ex.o
LOAD build/debug/stm32f4xx_hal_exti.o
LOAD build/debug/stm32f4xx_hal_flash.o
LOAD build/debug/stm32f4xx_hal_flash_ex.o
LOAD build/debug/stm32f4xx_hal_flash_ramfunc.o
LOAD build/debug/stm32f4xx_hal_gpio.o
LOAD build/debug/stm32f4xx_hal_msp.o
LOAD build/debug/stm32f4xx_hal_pcd.o
LOAD build/debug/stm32f4xx_hal_pcd_ex.o
LOAD build/debug/stm32f4xx_hal_pwr.o
LOAD build/debug/stm32f4xx_hal_pwr_ex.o
LOAD build/debug/stm32f4xx_hal_rcc.o
LOAD build/debug/stm32f4xx_hal_rcc_ex.o
LOAD build/debug/stm32f4xx_hal_spi.o
LOAD build/debug/stm32f4xx_it.o
LOAD build/debug/stm32f4xx_ll_usb.o
LOAD build/debug/syscalls.o
LOAD build/debug/sysmem.o
LOAD build/debug/system_stm32f4xx.o
LOAD build/debug/usb_device.o
LOAD build/debug/usbd_cdc.o
LOAD build/debug/usbd_cdc_if.o
LOAD build/debug/usbd_conf.o
LOAD build/debug/usbd_core.o
LOAD build/debug/usbd_ctlreq.o
LOAD build/debug/usbd_desc.o
LOAD build/debug/usbd_ioreq.o
LOAD build/debug/startup_stm32f411xe.o
LOAD c:/Users/mc_sd/AppData/Roaming/Code/User/globalStorage/bmd.stm32-for-vscode/@xpack-dev-tools/arm-none-eabi-gcc/14.2.1-1.1.1/.content/bin/../lib/gcc/arm-none-eabi/14.2.1/../../../../arm-none-eabi/lib/thumb/v7e-m+fp/hard\libc_nano.a
LOAD c:/Users/mc_sd/AppData/Roaming/Code/User/globalStorage/bmd.stm32-for-vscode/@xpack-dev-tools/arm-none-eabi-gcc/14.2.1-1.1.1/.content/bin/../lib/gcc/arm-none-eabi/14.2.1/../../../../arm-none-eabi/lib/thumb/v7e-m+fp/hard\libm.a
LOAD c:/Users/mc_sd/AppData/Roaming/Code/User/globalStorage/bmd.stm32-for-vscode/@xpack-dev-tools/arm-none-eabi-gcc/14.2.1-1.1.1/.content/bin/../lib/gcc/arm-none-eabi/14.2.1/../../../../arm-none-eabi/lib/thumb/v7e-m+fp/hard\libnosys.a
START GROUP
LOAD c:/Users/mc_sd/AppData/Roaming/Code/User/globalStorage/bmd.stm32-for-vscode/@xpack-dev-tools/arm-none-eabi-gcc/14.2.1-1.1.1/.content/bin/../lib/gcc/arm-none-eabi/14.2.1/thumb/v7e-m+fp/hard\libgcc.a
LOAD c:/Users/mc_sd/AppData/Roaming/Code/User/globalStorage/bmd.stm32-for-vscode/@xpack-dev-tools/arm-none-eabi-gcc/14.2.1-1.1.1/.content/bin/../lib/gcc/arm-none-eabi/14.2.1/../../../../arm-none-eabi/lib/thumb/v7e-m+fp/hard\libc_nano.a
END GROUP
START GROUP
LOAD c:/Users/mc_sd/AppData/Roaming/Code/User/globalStorage/bmd.stm32-for-vscode/@xpack-dev-tools/arm-none-eabi-gcc/14.2.1-1.1.1/.content/bin/../lib/gcc/arm-none-eabi/14.2.1/thumb/v7e-m+fp/hard\libgcc.a
LOAD c:/Users/mc_sd/AppData/Roaming/Code/User/globalStorage/bmd.stm32-for-vscode/@xpack-dev-tools/arm-none-eabi-gcc/14.2.1-1.1.1/.content/bin/../lib/gcc/arm-none-eabi/14.2.1/../../../../arm-none-eabi/lib/thumb/v7e-m+fp/hard\libc_nano.a
END GROUP
LOAD c:/Users/mc_sd/AppData/Roaming/Code/User/globalStorage/bmd.stm32-for-vscode/@xpack-dev-tools/arm-none-eabi-gcc/14.2.1-1.1.1/.content/bin/../lib/gcc/arm-none-eabi/14.2.1/thumb/v7e-m+fp/hard/crtend.o
LOAD c:/Users/mc_sd/AppData/Roaming/Code/User/globalStorage/bmd.stm32-for-vscode/@xpack-dev-tools/arm-none-eabi-gcc/14.2.1-1.1.1/.content/bin/../lib/gcc/arm-none-eabi/14.2.1/thumb/v7e-m+fp/hard/crtn.o
                0x20020000                        _estack = (ORIGIN (RAM) + LENGTH (RAM))
                0x00000200                        _Min_Heap_Size = 0x200
                0x00003000                        _Min_Stack_Size = 0x3000

.isr_vector     0x08000000      0x198
                0x08000000                        . = ALIGN (0x4)
 *(.isr_vector)
 .isr_vector    0x08000000      0x198 build/debug/startup_stm32f411xe.o
                0x08000000                g_pfnVectors
                0x08000198                        . = ALIGN (0x4)

.text           0x08000198     0x4b38
                0x08000198                        . = ALIGN (0x4)
 *(.text)
 .text          0x08000198       0x30 c:/Users/mc_sd/AppData/Roaming/Code/User/globalStorage/bmd.stm32-for-vscode/@xpack-dev-tools/arm-none-eabi-gcc/14.2.1-1.1.1/.content/bin/../lib/gcc/arm-none-eabi/14.2.1/thumb/v7e-m+fp/hard\libgcc.a(_aeabi_uldivmod.o)
                0x08000198                __aeabi_uldivmod
 .text          0x080001c8        0x4 c:/Users/mc_sd/AppData/Roaming/Code/User/globalStorage/bmd.stm32-for-vscode/@xpack-dev-tools/arm-none-eabi-gcc/14.2.1-1.1.1/.content/bin/../lib/gcc/arm-none-eabi/14.2.1/thumb/v7e-m+fp/hard\libgcc.a(_dvmd_tls.o)
                0x080001c8                __aeabi_idiv0
                0x080001c8                __aeabi_ldiv0
 *(.text*)
 .text.__do_global_dtors_aux
                0x080001cc       0x24 c:/Users/mc_sd/AppData/Roaming/Code/User/globalStorage/bmd.stm32-for-vscode/@xpack-dev-tools/arm-none-eabi-gcc/14.2.1-1.1.1/.content/bin/../lib/gcc/arm-none-eabi/14.2.1/thumb/v7e-m+fp/hard/crtbegin.o
 .text.frame_dummy
                0x080001f0       0x1c c:/Users/mc_sd/AppData/Roaming/Code/User/globalStorage/bmd.stm32-for-vscode/@xpack-dev-tools/arm-none-eabi-gcc/14.2.1-1.1.1/.content/bin/../lib/gcc/arm-none-eabi/14.2.1/thumb/v7e-m+fp/hard/crtbegin.o
 .text.MX_DMA_Init
                0x0800020c       0x34 build/debug/dma.o
                0x0800020c                MX_DMA_Init
 .text.MX_GPIO_Init
                0x08000240       0xa8 build/debug/gpio.o
                0x08000240                MX_GPIO_Init
 .text.HAL_SPI_TxCpltCallback
                0x080002e8       0x2c build/debug/main.o
                0x080002e8                HAL_SPI_TxCpltCallback
 .text.CDC_ReceiveCallBack
                0x08000314       0x48 build/debug/main.o
                0x08000314                CDC_ReceiveCallBack
 .text.SdCmd    0x0800035c       0x4c build/debug/main.o
                0x0800035c                SdCmd
 .text.SdData   0x080003a8       0x4c build/debug/main.o
                0x080003a8                SdData
 .text.IST3257_UpdateScreen_DMA
                0x080003f4       0x5c build/debug/main.o
                0x080003f4                IST3257_UpdateScreen_DMA
 .text.IST3257_UpdateScreen
                0x08000450       0x58 build/debug/main.o
                0x08000450                IST3257_UpdateScreen
 .text.IST3257_DrawPixel
                0x080004a8       0x44 build/debug/main.o
                0x080004a8                IST3257_DrawPixel
 .text.Error_Handler
                0x080004ec        0x4 build/debug/main.o
                0x080004ec                Error_Handler
 .text.SystemClock_Config
                0x080004f0       0xac build/debug/main.o
                0x080004f0                SystemClock_Config
 .text.main     0x0800059c      0x194 build/debug/main.o
                0x0800059c                main
 .text.MX_SPI1_Init
                0x08000730       0x44 build/debug/spi.o
                0x08000730                MX_SPI1_Init
 .text.HAL_SPI_MspInit
                0x08000774       0xac build/debug/spi.o
                0x08000774                HAL_SPI_MspInit
 .text.HAL_InitTick
                0x08000820       0x4c build/debug/stm32f4xx_hal.o
                0x08000820                HAL_InitTick
 .text.HAL_Init
                0x0800086c       0x34 build/debug/stm32f4xx_hal.o
                0x0800086c                HAL_Init
 .text.HAL_IncTick
                0x080008a0       0x18 build/debug/stm32f4xx_hal.o
                0x080008a0                HAL_IncTick
 .text.HAL_GetTick
                0x080008b8        0xc build/debug/stm32f4xx_hal.o
                0x080008b8                HAL_GetTick
 .text.HAL_Delay
                0x080008c4       0x28 build/debug/stm32f4xx_hal.o
                0x080008c4                HAL_Delay
 .text.__NVIC_EnableIRQ
                0x080008ec       0x1c build/debug/stm32f4xx_hal_cortex.o
 .text.__NVIC_SetPriority
                0x08000908       0x28 build/debug/stm32f4xx_hal_cortex.o
 .text.NVIC_EncodePriority
                0x08000930       0x3e build/debug/stm32f4xx_hal_cortex.o
 *fill*         0x0800096e        0x2 
 .text.HAL_NVIC_SetPriorityGrouping
                0x08000970       0x24 build/debug/stm32f4xx_hal_cortex.o
                0x08000970                HAL_NVIC_SetPriorityGrouping
 .text.HAL_NVIC_SetPriority
                0x08000994       0x20 build/debug/stm32f4xx_hal_cortex.o
                0x08000994                HAL_NVIC_SetPriority
 .text.HAL_NVIC_EnableIRQ
                0x080009b4        0x8 build/debug/stm32f4xx_hal_cortex.o
                0x080009b4                HAL_NVIC_EnableIRQ
 .text.HAL_SYSTICK_Config
                0x080009bc       0x28 build/debug/stm32f4xx_hal_cortex.o
                0x080009bc                HAL_SYSTICK_Config
 .text.DMA_SetConfig
                0x080009e4       0x2c build/debug/stm32f4xx_hal_dma.o
 .text.DMA_CalcBaseAndBitshift
                0x08000a10       0x3c build/debug/stm32f4xx_hal_dma.o
 .text.DMA_CheckFifoParam
                0x08000a4c       0x8e build/debug/stm32f4xx_hal_dma.o
 *fill*         0x08000ada        0x2 
 .text.HAL_DMA_Init
                0x08000adc       0xcc build/debug/stm32f4xx_hal_dma.o
                0x08000adc                HAL_DMA_Init
 .text.HAL_DMA_Start_IT
                0x08000ba8       0x68 build/debug/stm32f4xx_hal_dma.o
                0x08000ba8                HAL_DMA_Start_IT
 .text.HAL_DMA_IRQHandler
                0x08000c10      0x1dc build/debug/stm32f4xx_hal_dma.o
                0x08000c10                HAL_DMA_IRQHandler
 .text.HAL_GPIO_Init
                0x08000dec      0x1c8 build/debug/stm32f4xx_hal_gpio.o
                0x08000dec                HAL_GPIO_Init
 .text.HAL_GPIO_WritePin
                0x08000fb4        0xc build/debug/stm32f4xx_hal_gpio.o
                0x08000fb4                HAL_GPIO_WritePin
 .text.HAL_MspInit
                0x08000fc0       0x38 build/debug/stm32f4xx_hal_msp.o
                0x08000fc0                HAL_MspInit
 .text.PCD_WriteEmptyTxFifo
                0x08000ff8       0xd0 build/debug/stm32f4xx_hal_pcd.o
 .text.HAL_PCD_Init
                0x080010c8      0x102 build/debug/stm32f4xx_hal_pcd.o
                0x080010c8                HAL_PCD_Init
 .text.HAL_PCD_Start
                0x080011ca       0x44 build/debug/stm32f4xx_hal_pcd.o
                0x080011ca                HAL_PCD_Start
 *fill*         0x0800120e        0x2 
 .text.PCD_EP_OutXfrComplete_int
                0x08001210      0x104 build/debug/stm32f4xx_hal_pcd.o
 .text.PCD_EP_OutSetupPacket_int
                0x08001314       0x50 build/debug/stm32f4xx_hal_pcd.o
 .text.HAL_PCD_SetAddress
                0x08001364       0x26 build/debug/stm32f4xx_hal_pcd.o
                0x08001364                HAL_PCD_SetAddress
 .text.HAL_PCD_EP_Open
                0x0800138a       0x8c build/debug/stm32f4xx_hal_pcd.o
                0x0800138a                HAL_PCD_EP_Open
 .text.HAL_PCD_EP_Close
                0x08001416       0x70 build/debug/stm32f4xx_hal_pcd.o
                0x08001416                HAL_PCD_EP_Close
 .text.HAL_PCD_EP_Receive
                0x08001486       0x4a build/debug/stm32f4xx_hal_pcd.o
                0x08001486                HAL_PCD_EP_Receive
 .text.HAL_PCD_EP_GetRxCount
                0x080014d0       0x12 build/debug/stm32f4xx_hal_pcd.o
                0x080014d0                HAL_PCD_EP_GetRxCount
 .text.HAL_PCD_EP_Transmit
                0x080014e2       0x4a build/debug/stm32f4xx_hal_pcd.o
                0x080014e2                HAL_PCD_EP_Transmit
 .text.HAL_PCD_EP_SetStall
                0x0800152c       0x86 build/debug/stm32f4xx_hal_pcd.o
                0x0800152c                HAL_PCD_EP_SetStall
 .text.HAL_PCD_EP_ClrStall
                0x080015b2       0x74 build/debug/stm32f4xx_hal_pcd.o
                0x080015b2                HAL_PCD_EP_ClrStall
 .text.HAL_PCD_EP_Abort
                0x08001626       0x34 build/debug/stm32f4xx_hal_pcd.o
                0x08001626                HAL_PCD_EP_Abort
 .text.HAL_PCD_IRQHandler
                0x0800165a      0x5be build/debug/stm32f4xx_hal_pcd.o
                0x0800165a                HAL_PCD_IRQHandler
 .text.HAL_PCDEx_SetTxFiFo
                0x08001c18       0x4c build/debug/stm32f4xx_hal_pcd_ex.o
                0x08001c18                HAL_PCDEx_SetTxFiFo
 .text.HAL_PCDEx_SetRxFiFo
                0x08001c64        0x8 build/debug/stm32f4xx_hal_pcd_ex.o
                0x08001c64                HAL_PCDEx_SetRxFiFo
 .text.HAL_PCDEx_LPM_Callback
                0x08001c6c        0x2 build/debug/stm32f4xx_hal_pcd_ex.o
                0x08001c6c                HAL_PCDEx_LPM_Callback
 *fill*         0x08001c6e        0x2 
 .text.HAL_RCC_OscConfig
                0x08001c70      0x3f8 build/debug/stm32f4xx_hal_rcc.o
                0x08001c70                HAL_RCC_OscConfig
 .text.HAL_RCC_EnableCSS
                0x08002068        0xc build/debug/stm32f4xx_hal_rcc.o
                0x08002068                HAL_RCC_EnableCSS
 .text.HAL_RCC_GetSysClockFreq
                0x08002074       0xa8 build/debug/stm32f4xx_hal_rcc.o
                0x08002074                HAL_RCC_GetSysClockFreq
 .text.HAL_RCC_ClockConfig
                0x0800211c      0x160 build/debug/stm32f4xx_hal_rcc.o
                0x0800211c                HAL_RCC_ClockConfig
 .text.HAL_RCC_GetHCLKFreq
                0x0800227c        0xc build/debug/stm32f4xx_hal_rcc.o
                0x0800227c                HAL_RCC_GetHCLKFreq
 .text.HAL_RCC_CSSCallback
                0x08002288        0x2 build/debug/stm32f4xx_hal_rcc.o
                0x08002288                HAL_RCC_CSSCallback
 *fill*         0x0800228a        0x2 
 .text.HAL_RCC_NMI_IRQHandler
                0x0800228c       0x20 build/debug/stm32f4xx_hal_rcc.o
                0x0800228c                HAL_RCC_NMI_IRQHandler
 .text.SPI_WaitFlagStateUntilTimeout
                0x080022ac       0xc8 build/debug/stm32f4xx_hal_spi.o
 .text.SPI_EndRxTxTransaction
                0x08002374       0x80 build/debug/stm32f4xx_hal_spi.o
 .text.HAL_SPI_Init
                0x080023f4       0xbe build/debug/stm32f4xx_hal_spi.o
                0x080023f4                HAL_SPI_Init
 .text.HAL_SPI_Transmit
                0x080024b2      0x1c4 build/debug/stm32f4xx_hal_spi.o
                0x080024b2                HAL_SPI_Transmit
 *fill*         0x08002676        0x2 
 .text.HAL_SPI_Transmit_DMA
                0x08002678       0xe0 build/debug/stm32f4xx_hal_spi.o
                0x08002678                HAL_SPI_Transmit_DMA
 .text.HAL_SPI_TxHalfCpltCallback
                0x08002758        0x2 build/debug/stm32f4xx_hal_spi.o
                0x08002758                HAL_SPI_TxHalfCpltCallback
 .text.SPI_DMAHalfTransmitCplt
                0x0800275a        0xa build/debug/stm32f4xx_hal_spi.o
 .text.HAL_SPI_ErrorCallback
                0x08002764        0x2 build/debug/stm32f4xx_hal_spi.o
                0x08002764                HAL_SPI_ErrorCallback
 .text.SPI_DMAError
                0x08002766       0x22 build/debug/stm32f4xx_hal_spi.o
 .text.SPI_DMATransmitCplt
                0x08002788       0x70 build/debug/stm32f4xx_hal_spi.o
 .text.NMI_Handler
                0x080027f8        0x8 build/debug/stm32f4xx_it.o
                0x080027f8                NMI_Handler
 .text.HardFault_Handler
                0x08002800        0x2 build/debug/stm32f4xx_it.o
                0x08002800                HardFault_Handler
 .text.MemManage_Handler
                0x08002802        0x2 build/debug/stm32f4xx_it.o
                0x08002802                MemManage_Handler
 .text.BusFault_Handler
                0x08002804        0x2 build/debug/stm32f4xx_it.o
                0x08002804                BusFault_Handler
 .text.UsageFault_Handler
                0x08002806        0x2 build/debug/stm32f4xx_it.o
                0x08002806                UsageFault_Handler
 .text.SVC_Handler
                0x08002808        0x2 build/debug/stm32f4xx_it.o
                0x08002808                SVC_Handler
 .text.DebugMon_Handler
                0x0800280a        0x2 build/debug/stm32f4xx_it.o
                0x0800280a                DebugMon_Handler
 .text.PendSV_Handler
                0x0800280c        0x2 build/debug/stm32f4xx_it.o
                0x0800280c                PendSV_Handler
 .text.SysTick_Handler
                0x0800280e        0x8 build/debug/stm32f4xx_it.o
                0x0800280e                SysTick_Handler
 *fill*         0x08002816        0x2 
 .text.DMA2_Stream2_IRQHandler
                0x08002818       0x10 build/debug/stm32f4xx_it.o
                0x08002818                DMA2_Stream2_IRQHandler
 .text.OTG_FS_IRQHandler
                0x08002828       0x10 build/debug/stm32f4xx_it.o
                0x08002828                OTG_FS_IRQHandler
 .text.USB_CoreReset
                0x08002838       0x58 build/debug/stm32f4xx_ll_usb.o
 .text.USB_CoreInit
                0x08002890       0x92 build/debug/stm32f4xx_ll_usb.o
                0x08002890                USB_CoreInit
 *fill*         0x08002922        0x2 
 .text.USB_SetTurnaroundTime
                0x08002924       0xe4 build/debug/stm32f4xx_ll_usb.o
                0x08002924                USB_SetTurnaroundTime
 .text.USB_EnableGlobalInt
                0x08002a08        0xc build/debug/stm32f4xx_ll_usb.o
                0x08002a08                USB_EnableGlobalInt
 .text.USB_DisableGlobalInt
                0x08002a14        0xc build/debug/stm32f4xx_ll_usb.o
                0x08002a14                USB_DisableGlobalInt
 .text.USB_FlushTxFifo
                0x08002a20       0x4a build/debug/stm32f4xx_ll_usb.o
                0x08002a20                USB_FlushTxFifo
 .text.USB_FlushRxFifo
                0x08002a6a       0x46 build/debug/stm32f4xx_ll_usb.o
                0x08002a6a                USB_FlushRxFifo
 .text.USB_SetDevSpeed
                0x08002ab0        0xe build/debug/stm32f4xx_ll_usb.o
                0x08002ab0                USB_SetDevSpeed
 *fill*         0x08002abe        0x2 
 .text.USB_DevInit
                0x08002ac0      0x198 build/debug/stm32f4xx_ll_usb.o
                0x08002ac0                USB_DevInit
 .text.USB_GetDevSpeed
                0x08002c58       0x22 build/debug/stm32f4xx_ll_usb.o
                0x08002c58                USB_GetDevSpeed
 .text.USB_ActivateEndpoint
                0x08002c7a       0x9a build/debug/stm32f4xx_ll_usb.o
                0x08002c7a                USB_ActivateEndpoint
 .text.USB_DeactivateEndpoint
                0x08002d14       0xe0 build/debug/stm32f4xx_ll_usb.o
                0x08002d14                USB_DeactivateEndpoint
 .text.USB_EPStopXfer
                0x08002df4       0xbe build/debug/stm32f4xx_ll_usb.o
                0x08002df4                USB_EPStopXfer
 .text.USB_WritePacket
                0x08002eb2       0x2e build/debug/stm32f4xx_ll_usb.o
                0x08002eb2                USB_WritePacket
 .text.USB_EPStartXfer
                0x08002ee0      0x244 build/debug/stm32f4xx_ll_usb.o
                0x08002ee0                USB_EPStartXfer
 .text.USB_ReadPacket
                0x08003124       0x46 build/debug/stm32f4xx_ll_usb.o
                0x08003124                USB_ReadPacket
 .text.USB_EPSetStall
                0x0800316a       0x5a build/debug/stm32f4xx_ll_usb.o
                0x0800316a                USB_EPSetStall
 .text.USB_EPClearStall
                0x080031c4       0x5c build/debug/stm32f4xx_ll_usb.o
                0x080031c4                USB_EPClearStall
 .text.USB_SetDevAddress
                0x08003220       0x20 build/debug/stm32f4xx_ll_usb.o
                0x08003220                USB_SetDevAddress
 .text.USB_DevConnect
                0x08003240       0x1c build/debug/stm32f4xx_ll_usb.o
                0x08003240                USB_DevConnect
 .text.USB_DevDisconnect
                0x0800325c       0x1c build/debug/stm32f4xx_ll_usb.o
                0x0800325c                USB_DevDisconnect
 .text.USB_ReadInterrupts
                0x08003278        0x8 build/debug/stm32f4xx_ll_usb.o
                0x08003278                USB_ReadInterrupts
 .text.USB_ReadDevAllOutEpInterrupt
                0x08003280       0x10 build/debug/stm32f4xx_ll_usb.o
                0x08003280                USB_ReadDevAllOutEpInterrupt
 .text.USB_ReadDevAllInEpInterrupt
                0x08003290       0x10 build/debug/stm32f4xx_ll_usb.o
                0x08003290                USB_ReadDevAllInEpInterrupt
 .text.USB_ReadDevOutEPInterrupt
                0x080032a0       0x12 build/debug/stm32f4xx_ll_usb.o
                0x080032a0                USB_ReadDevOutEPInterrupt
 .text.USB_ReadDevInEPInterrupt
                0x080032b2       0x24 build/debug/stm32f4xx_ll_usb.o
                0x080032b2                USB_ReadDevInEPInterrupt
 .text.USB_GetMode
                0x080032d6        0x8 build/debug/stm32f4xx_ll_usb.o
                0x080032d6                USB_GetMode
 .text.USB_SetCurrentMode
                0x080032de       0x62 build/debug/stm32f4xx_ll_usb.o
                0x080032de                USB_SetCurrentMode
 .text.USB_ActivateSetup
                0x08003340       0x1c build/debug/stm32f4xx_ll_usb.o
                0x08003340                USB_ActivateSetup
 .text.USB_EP0_OutStart
                0x0800335c       0x60 build/debug/stm32f4xx_ll_usb.o
                0x0800335c                USB_EP0_OutStart
 .text.SystemInit
                0x080033bc       0x14 build/debug/system_stm32f4xx.o
                0x080033bc                SystemInit
 .text.MX_USB_DEVICE_Init
                0x080033d0       0x54 build/debug/usb_device.o
                0x080033d0                MX_USB_DEVICE_Init
 .text.USBD_CDC_EP0_RxReady
                0x08003424       0x40 build/debug/usbd_cdc.o
 .text.USBD_CDC_GetDeviceQualifierDescriptor
                0x08003464        0xc build/debug/usbd_cdc.o
                0x08003464                USBD_CDC_GetDeviceQualifierDescriptor
 .text.USBD_CDC_GetOtherSpeedCfgDesc
                0x08003470       0x48 build/debug/usbd_cdc.o
 .text.USBD_CDC_GetFSCfgDesc
                0x080034b8       0x48 build/debug/usbd_cdc.o
 .text.USBD_CDC_GetHSCfgDesc
                0x08003500       0x48 build/debug/usbd_cdc.o
 .text.USBD_CDC_DataOut
                0x08003548       0x38 build/debug/usbd_cdc.o
 .text.USBD_CDC_DataIn
                0x08003580       0x7c build/debug/usbd_cdc.o
 .text.USBD_CDC_Setup
                0x080035fc      0x114 build/debug/usbd_cdc.o
 .text.USBD_CDC_DeInit
                0x08003710       0x64 build/debug/usbd_cdc.o
 .text.USBD_CDC_Init
                0x08003774       0xee build/debug/usbd_cdc.o
 .text.USBD_CDC_RegisterInterface
                0x08003862       0x16 build/debug/usbd_cdc.o
                0x08003862                USBD_CDC_RegisterInterface
 .text.USBD_CDC_SetTxBuffer
                0x08003878       0x1c build/debug/usbd_cdc.o
                0x08003878                USBD_CDC_SetTxBuffer
 .text.USBD_CDC_SetRxBuffer
                0x08003894       0x18 build/debug/usbd_cdc.o
                0x08003894                USBD_CDC_SetRxBuffer
 .text.USBD_CDC_ReceivePacket
                0x080038ac       0x38 build/debug/usbd_cdc.o
                0x080038ac                USBD_CDC_ReceivePacket
 .text.CDC_DeInit_FS
                0x080038e4        0x4 build/debug/usbd_cdc_if.o
 .text.CDC_Control_FS
                0x080038e8        0x4 build/debug/usbd_cdc_if.o
 .text.CDC_TransmitCplt_FS
                0x080038ec        0x4 build/debug/usbd_cdc_if.o
 .text.CDC_Receive_FS
                0x080038f0       0x24 build/debug/usbd_cdc_if.o
 .text.CDC_Init_FS
                0x08003914       0x28 build/debug/usbd_cdc_if.o
 .text.HAL_PCD_MspInit
                0x0800393c       0x88 build/debug/usbd_conf.o
                0x0800393c                HAL_PCD_MspInit
 .text.HAL_PCD_SetupStageCallback
                0x080039c4       0x10 build/debug/usbd_conf.o
                0x080039c4                HAL_PCD_SetupStageCallback
 .text.HAL_PCD_DataOutStageCallback
                0x080039d4       0x18 build/debug/usbd_conf.o
                0x080039d4                HAL_PCD_DataOutStageCallback
 .text.HAL_PCD_DataInStageCallback
                0x080039ec       0x16 build/debug/usbd_conf.o
                0x080039ec                HAL_PCD_DataInStageCallback
 .text.HAL_PCD_SOFCallback
                0x08003a02        0xc build/debug/usbd_conf.o
                0x08003a02                HAL_PCD_SOFCallback
 .text.HAL_PCD_ResetCallback
                0x08003a0e       0x24 build/debug/usbd_conf.o
                0x08003a0e                HAL_PCD_ResetCallback
 *fill*         0x08003a32        0x2 
 .text.HAL_PCD_SuspendCallback
                0x08003a34       0x30 build/debug/usbd_conf.o
                0x08003a34                HAL_PCD_SuspendCallback
 .text.HAL_PCD_ResumeCallback
                0x08003a64        0xc build/debug/usbd_conf.o
                0x08003a64                HAL_PCD_ResumeCallback
 .text.HAL_PCD_ISOOUTIncompleteCallback
                0x08003a70        0xc build/debug/usbd_conf.o
                0x08003a70                HAL_PCD_ISOOUTIncompleteCallback
 .text.HAL_PCD_ISOINIncompleteCallback
                0x08003a7c        0xc build/debug/usbd_conf.o
                0x08003a7c                HAL_PCD_ISOINIncompleteCallback
 .text.HAL_PCD_ConnectCallback
                0x08003a88        0xc build/debug/usbd_conf.o
                0x08003a88                HAL_PCD_ConnectCallback
 .text.HAL_PCD_DisconnectCallback
                0x08003a94        0xc build/debug/usbd_conf.o
                0x08003a94                HAL_PCD_DisconnectCallback
 .text.USBD_LL_Init
                0x08003aa0       0x68 build/debug/usbd_conf.o
                0x08003aa0                USBD_LL_Init
 .text.USBD_LL_IsStallEP
                0x08003b08       0x2c build/debug/usbd_conf.o
                0x08003b08                USBD_LL_IsStallEP
 .text.USBD_LL_GetRxDataSize
                0x08003b34        0xc build/debug/usbd_conf.o
                0x08003b34                USBD_LL_GetRxDataSize
 .text.USBD_static_malloc
                0x08003b40        0x8 build/debug/usbd_conf.o
                0x08003b40                USBD_static_malloc
 .text.USBD_static_free
                0x08003b48        0x2 build/debug/usbd_conf.o
                0x08003b48                USBD_static_free
 .text.USBD_Get_USB_Status
                0x08003b4a       0x14 build/debug/usbd_conf.o
                0x08003b4a                USBD_Get_USB_Status
 .text.USBD_LL_Start
                0x08003b5e       0x10 build/debug/usbd_conf.o
                0x08003b5e                USBD_LL_Start
 .text.USBD_LL_OpenEP
                0x08003b6e       0x16 build/debug/usbd_conf.o
                0x08003b6e                USBD_LL_OpenEP
 .text.USBD_LL_CloseEP
                0x08003b84       0x10 build/debug/usbd_conf.o
                0x08003b84                USBD_LL_CloseEP
 .text.USBD_LL_StallEP
                0x08003b94       0x10 build/debug/usbd_conf.o
                0x08003b94                USBD_LL_StallEP
 .text.USBD_LL_ClearStallEP
                0x08003ba4       0x10 build/debug/usbd_conf.o
                0x08003ba4                USBD_LL_ClearStallEP
 .text.USBD_LL_SetUSBAddress
                0x08003bb4       0x10 build/debug/usbd_conf.o
                0x08003bb4                USBD_LL_SetUSBAddress
 .text.USBD_LL_Transmit
                0x08003bc4       0x10 build/debug/usbd_conf.o
                0x08003bc4                USBD_LL_Transmit
 .text.USBD_LL_PrepareReceive
                0x08003bd4       0x10 build/debug/usbd_conf.o
                0x08003bd4                USBD_LL_PrepareReceive
 .text.USBD_Init
                0x08003be4       0x2e build/debug/usbd_core.o
                0x08003be4                USBD_Init
 .text.USBD_RegisterClass
                0x08003c12       0x40 build/debug/usbd_core.o
                0x08003c12                USBD_RegisterClass
 .text.USBD_Start
                0x08003c52        0x8 build/debug/usbd_core.o
                0x08003c52                USBD_Start
 .text.USBD_SetClassConfig
                0x08003c5a       0x12 build/debug/usbd_core.o
                0x08003c5a                USBD_SetClassConfig
 .text.USBD_ClrClassConfig
                0x08003c6c       0x12 build/debug/usbd_core.o
                0x08003c6c                USBD_ClrClassConfig
 .text.USBD_LL_SetupStage
                0x08003c7e       0x58 build/debug/usbd_core.o
                0x08003c7e                USBD_LL_SetupStage
 .text.USBD_LL_Reset
                0x08003cd6       0x66 build/debug/usbd_core.o
                0x08003cd6                USBD_LL_Reset
 .text.USBD_LL_SetSpeed
                0x08003d3c        0x6 build/debug/usbd_core.o
                0x08003d3c                USBD_LL_SetSpeed
 .text.USBD_LL_Suspend
                0x08003d42       0x1c build/debug/usbd_core.o
                0x08003d42                USBD_LL_Suspend
 .text.USBD_LL_Resume
                0x08003d5e       0x18 build/debug/usbd_core.o
                0x08003d5e                USBD_LL_Resume
 .text.USBD_LL_SOF
                0x08003d76       0x20 build/debug/usbd_core.o
                0x08003d76                USBD_LL_SOF
 .text.USBD_LL_IsoINIncomplete
                0x08003d96       0x2c build/debug/usbd_core.o
                0x08003d96                USBD_LL_IsoINIncomplete
 .text.USBD_LL_IsoOUTIncomplete
                0x08003dc2       0x2c build/debug/usbd_core.o
                0x08003dc2                USBD_LL_IsoOUTIncomplete
 .text.USBD_LL_DevConnected
                0x08003dee        0x4 build/debug/usbd_core.o
                0x08003dee                USBD_LL_DevConnected
 .text.USBD_LL_DevDisconnected
                0x08003df2       0x20 build/debug/usbd_core.o
                0x08003df2                USBD_LL_DevDisconnected
 .text.USBD_CoreFindIF
                0x08003e12        0x4 build/debug/usbd_core.o
                0x08003e12                USBD_CoreFindIF
 .text.USBD_CoreFindEP
                0x08003e16        0x4 build/debug/usbd_core.o
                0x08003e16                USBD_CoreFindEP
 .text.USBD_LL_DataOutStage
                0x08003e1a       0xc6 build/debug/usbd_core.o
                0x08003e1a                USBD_LL_DataOutStage
 .text.USBD_LL_DataInStage
                0x08003ee0       0xd4 build/debug/usbd_core.o
                0x08003ee0                USBD_LL_DataInStage
 .text.USBD_GetNextDesc
                0x08003fb4        0xe build/debug/usbd_core.o
                0x08003fb4                USBD_GetNextDesc
 .text.USBD_GetEpDesc
                0x08003fc2       0x3e build/debug/usbd_core.o
                0x08003fc2                USBD_GetEpDesc
 .text.USBD_GetLen
                0x08004000       0x14 build/debug/usbd_ctlreq.o
 .text.USBD_ParseSetupRequest
                0x08004014       0x28 build/debug/usbd_ctlreq.o
                0x08004014                USBD_ParseSetupRequest
 .text.USBD_CtlError
                0x0800403c       0x14 build/debug/usbd_ctlreq.o
                0x0800403c                USBD_CtlError
 .text.USBD_GetDescriptor
                0x08004050      0x18a build/debug/usbd_ctlreq.o
 .text.USBD_SetAddress
                0x080041da       0x4e build/debug/usbd_ctlreq.o
 .text.USBD_SetConfig
                0x08004228       0xcc build/debug/usbd_ctlreq.o
 .text.USBD_GetConfig
                0x080042f4       0x40 build/debug/usbd_ctlreq.o
 .text.USBD_GetStatus
                0x08004334       0x38 build/debug/usbd_ctlreq.o
 .text.USBD_SetFeature
                0x0800436c       0x2a build/debug/usbd_ctlreq.o
 .text.USBD_ClrFeature
                0x08004396       0x26 build/debug/usbd_ctlreq.o
 .text.USBD_StdDevReq
                0x080043bc       0x76 build/debug/usbd_ctlreq.o
                0x080043bc                USBD_StdDevReq
 .text.USBD_StdItfReq
                0x08004432       0x84 build/debug/usbd_ctlreq.o
                0x08004432                USBD_StdItfReq
 .text.USBD_StdEPReq
                0x080044b6      0x23a build/debug/usbd_ctlreq.o
                0x080044b6                USBD_StdEPReq
 .text.USBD_GetString
                0x080046f0       0x46 build/debug/usbd_ctlreq.o
                0x080046f0                USBD_GetString
 *fill*         0x08004736        0x2 
 .text.USBD_FS_DeviceDescriptor
                0x08004738        0xc build/debug/usbd_desc.o
                0x08004738                USBD_FS_DeviceDescriptor
 .text.USBD_FS_LangIDStrDescriptor
                0x08004744        0xc build/debug/usbd_desc.o
                0x08004744                USBD_FS_LangIDStrDescriptor
 .text.IntToUnicode
                0x08004750       0x46 build/debug/usbd_desc.o
 *fill*         0x08004796        0x2 
 .text.Get_SerialNum
                0x08004798       0x38 build/debug/usbd_desc.o
 .text.USBD_FS_SerialStrDescriptor
                0x080047d0       0x14 build/debug/usbd_desc.o
                0x080047d0                USBD_FS_SerialStrDescriptor
 .text.USBD_FS_ProductStrDescriptor
                0x080047e4       0x24 build/debug/usbd_desc.o
                0x080047e4                USBD_FS_ProductStrDescriptor
 .text.USBD_FS_ManufacturerStrDescriptor
                0x08004808       0x1c build/debug/usbd_desc.o
                0x08004808                USBD_FS_ManufacturerStrDescriptor
 .text.USBD_FS_ConfigStrDescriptor
                0x08004824       0x24 build/debug/usbd_desc.o
                0x08004824                USBD_FS_ConfigStrDescriptor
 .text.USBD_FS_InterfaceStrDescriptor
                0x08004848       0x24 build/debug/usbd_desc.o
                0x08004848                USBD_FS_InterfaceStrDescriptor
 .text.USBD_CtlSendData
                0x0800486c       0x1c build/debug/usbd_ioreq.o
                0x0800486c                USBD_CtlSendData
 .text.USBD_CtlContinueSendData
                0x08004888       0x10 build/debug/usbd_ioreq.o
                0x08004888                USBD_CtlContinueSendData
 .text.USBD_CtlPrepareRx
                0x08004898       0x22 build/debug/usbd_ioreq.o
                0x08004898                USBD_CtlPrepareRx
 .text.USBD_CtlContinueRx
                0x080048ba       0x10 build/debug/usbd_ioreq.o
                0x080048ba                USBD_CtlContinueRx
 .text.USBD_CtlSendStatus
                0x080048ca       0x16 build/debug/usbd_ioreq.o
                0x080048ca                USBD_CtlSendStatus
 .text.USBD_CtlReceiveStatus
                0x080048e0       0x16 build/debug/usbd_ioreq.o
                0x080048e0                USBD_CtlReceiveStatus
 *fill*         0x080048f6        0x2 
 .text.Reset_Handler
                0x080048f8       0x50 build/debug/startup_stm32f411xe.o
                0x080048f8                Reset_Handler
 .text.Default_Handler
                0x08004948        0x2 build/debug/startup_stm32f411xe.o
                0x08004948                RTC_Alarm_IRQHandler
                0x08004948                EXTI2_IRQHandler
                0x08004948                SPI4_IRQHandler
                0x08004948                TIM1_CC_IRQHandler
                0x08004948                DMA2_Stream5_IRQHandler
                0x08004948                DMA1_Stream5_IRQHandler
                0x08004948                PVD_IRQHandler
                0x08004948                SDIO_IRQHandler
                0x08004948                TAMP_STAMP_IRQHandler
                0x08004948                EXTI3_IRQHandler
                0x08004948                TIM1_UP_TIM10_IRQHandler
                0x08004948                I2C3_ER_IRQHandler
                0x08004948                EXTI0_IRQHandler
                0x08004948                I2C2_EV_IRQHandler
                0x08004948                DMA1_Stream2_IRQHandler
                0x08004948                FPU_IRQHandler
                0x08004948                SPI1_IRQHandler
                0x08004948                TIM1_BRK_TIM9_IRQHandler
                0x08004948                DMA2_Stream3_IRQHandler
                0x08004948                USART6_IRQHandler
                0x08004948                DMA2_Stream0_IRQHandler
                0x08004948                TIM4_IRQHandler
                0x08004948                I2C1_EV_IRQHandler
                0x08004948                DMA1_Stream6_IRQHandler
                0x08004948                DMA1_Stream1_IRQHandler
                0x08004948                TIM3_IRQHandler
                0x08004948                RCC_IRQHandler
                0x08004948                Default_Handler
                0x08004948                EXTI15_10_IRQHandler
                0x08004948                ADC_IRQHandler
                0x08004948                DMA1_Stream7_IRQHandler
                0x08004948                SPI5_IRQHandler
                0x08004948                TIM5_IRQHandler
                0x08004948                DMA2_Stream7_IRQHandler
                0x08004948                I2C3_EV_IRQHandler
                0x08004948                EXTI9_5_IRQHandler
                0x08004948                RTC_WKUP_IRQHandler
                0x08004948                SPI2_IRQHandler
                0x08004948                DMA1_Stream0_IRQHandler
                0x08004948                EXTI4_IRQHandler
                0x08004948                WWDG_IRQHandler
                0x08004948                TIM2_IRQHandler
                0x08004948                OTG_FS_WKUP_IRQHandler
                0x08004948                TIM1_TRG_COM_TIM11_IRQHandler
                0x08004948                EXTI1_IRQHandler
                0x08004948                USART2_IRQHandler
                0x08004948                I2C2_ER_IRQHandler
                0x08004948                DMA2_Stream1_IRQHandler
                0x08004948                FLASH_IRQHandler
                0x08004948                DMA2_Stream4_IRQHandler
                0x08004948                USART1_IRQHandler
                0x08004948                SPI3_IRQHandler
                0x08004948                DMA1_Stream4_IRQHandler
                0x08004948                I2C1_ER_IRQHandler
                0x08004948                DMA2_Stream6_IRQHandler
                0x08004948                DMA1_Stream3_IRQHandler
 .text.memset   0x0800494a       0x10 c:/Users/mc_sd/AppData/Roaming/Code/User/globalStorage/bmd.stm32-for-vscode/@xpack-dev-tools/arm-none-eabi-gcc/14.2.1-1.1.1/.content/bin/../lib/gcc/arm-none-eabi/14.2.1/../../../../arm-none-eabi/lib/thumb/v7e-m+fp/hard\libc_nano.a(libc_a-memset.o)
                0x0800494a                memset
 *fill*         0x0800495a        0x2 
 .text.__libc_init_array
                0x0800495c       0x48 c:/Users/mc_sd/AppData/Roaming/Code/User/globalStorage/bmd.stm32-for-vscode/@xpack-dev-tools/arm-none-eabi-gcc/14.2.1-1.1.1/.content/bin/../lib/gcc/arm-none-eabi/14.2.1/../../../../arm-none-eabi/lib/thumb/v7e-m+fp/hard\libc_nano.a(libc_a-init.o)
                0x0800495c                __libc_init_array
 .text.memcpy   0x080049a4       0x1c c:/Users/mc_sd/AppData/Roaming/Code/User/globalStorage/bmd.stm32-for-vscode/@xpack-dev-tools/arm-none-eabi-gcc/14.2.1-1.1.1/.content/bin/../lib/gcc/arm-none-eabi/14.2.1/../../../../arm-none-eabi/lib/thumb/v7e-m+fp/hard\libc_nano.a(libc_a-memcpy-stub.o)
                0x080049a4                memcpy
 .text.__udivmoddi4
                0x080049c0      0x2f8 c:/Users/mc_sd/AppData/Roaming/Code/User/globalStorage/bmd.stm32-for-vscode/@xpack-dev-tools/arm-none-eabi-gcc/14.2.1-1.1.1/.content/bin/../lib/gcc/arm-none-eabi/14.2.1/thumb/v7e-m+fp/hard\libgcc.a(_udivmoddi4.o)
                0x080049c0                __udivmoddi4
 *(.glue_7)
 .glue_7        0x08004cb8        0x0 linker stubs
 *(.glue_7t)
 .glue_7t       0x08004cb8        0x0 linker stubs
 *(.eh_frame)
 .eh_frame      0x08004cb8        0x0 c:/Users/mc_sd/AppData/Roaming/Code/User/globalStorage/bmd.stm32-for-vscode/@xpack-dev-tools/arm-none-eabi-gcc/14.2.1-1.1.1/.content/bin/../lib/gcc/arm-none-eabi/14.2.1/thumb/v7e-m+fp/hard/crtbegin.o
 *(.init)
 .init          0x08004cb8        0x4 c:/Users/mc_sd/AppData/Roaming/Code/User/globalStorage/bmd.stm32-for-vscode/@xpack-dev-tools/arm-none-eabi-gcc/14.2.1-1.1.1/.content/bin/../lib/gcc/arm-none-eabi/14.2.1/thumb/v7e-m+fp/hard/crti.o
                0x08004cb8                _init
 .init          0x08004cbc        0x8 c:/Users/mc_sd/AppData/Roaming/Code/User/globalStorage/bmd.stm32-for-vscode/@xpack-dev-tools/arm-none-eabi-gcc/14.2.1-1.1.1/.content/bin/../lib/gcc/arm-none-eabi/14.2.1/thumb/v7e-m+fp/hard/crtn.o
 *(.fini)
 .fini          0x08004cc4        0x4 c:/Users/mc_sd/AppData/Roaming/Code/User/globalStorage/bmd.stm32-for-vscode/@xpack-dev-tools/arm-none-eabi-gcc/14.2.1-1.1.1/.content/bin/../lib/gcc/arm-none-eabi/14.2.1/thumb/v7e-m+fp/hard/crti.o
                0x08004cc4                _fini
 .fini          0x08004cc8        0x8 c:/Users/mc_sd/AppData/Roaming/Code/User/globalStorage/bmd.stm32-for-vscode/@xpack-dev-tools/arm-none-eabi-gcc/14.2.1-1.1.1/.content/bin/../lib/gcc/arm-none-eabi/14.2.1/thumb/v7e-m+fp/hard/crtn.o
                0x08004cd0                        . = ALIGN (0x4)
                0x08004cd0                        _etext = .

.vfp11_veneer   0x08004cd0        0x0
 .vfp11_veneer  0x08004cd0        0x0 linker stubs

.v4_bx          0x08004cd0        0x0
 .v4_bx         0x08004cd0        0x0 linker stubs

.iplt           0x08004cd0        0x0
 .iplt          0x08004cd0        0x0 c:/Users/mc_sd/AppData/Roaming/Code/User/globalStorage/bmd.stm32-for-vscode/@xpack-dev-tools/arm-none-eabi-gcc/14.2.1-1.1.1/.content/bin/../lib/gcc/arm-none-eabi/14.2.1/thumb/v7e-m+fp/hard/crtbegin.o

.rodata         0x08004cd0       0x60
                0x08004cd0                        . = ALIGN (0x4)
 *(.rodata)
 *(.rodata*)
 .rodata.flagBitshiftOffset.0
                0x08004cd0        0x8 build/debug/stm32f4xx_hal_dma.o
 .rodata.AHBPrescTable
                0x08004cd8       0x10 build/debug/system_stm32f4xx.o
                0x08004cd8                AHBPrescTable
 .rodata.USBD_FS_ProductStrDescriptor.str1.4
                0x08004ce8       0x46 build/debug/usbd_desc.o
                                 0x16 (size before relaxing)
 .rodata.USBD_FS_ManufacturerStrDescriptor.str1.4
                0x08004d2e       0x13 build/debug/usbd_desc.o
 .rodata.USBD_FS_ConfigStrDescriptor.str1.4
                0x08004d2e        0xb build/debug/usbd_desc.o
 .rodata.USBD_FS_InterfaceStrDescriptor.str1.4
                0x08004d2e        0xe build/debug/usbd_desc.o
                0x08004d44                        . = ALIGN (0x4)
 *fill*         0x08004d2e        0x2 

.ARM.extab      0x08004d30        0x0
                0x08004d30                        . = ALIGN (0x4)
 *(.ARM.extab* .gnu.linkonce.armextab.*)
                0x08004d30                        . = ALIGN (0x4)

.ARM            0x08004d30        0x8
                0x08004d30                        . = ALIGN (0x4)
                0x08004d30                        __exidx_start = .
 *(.ARM.exidx*)
 .ARM.exidx.text.__udivmoddi4
                0x08004d30        0x8 c:/Users/mc_sd/AppData/Roaming/Code/User/globalStorage/bmd.stm32-for-vscode/@xpack-dev-tools/arm-none-eabi-gcc/14.2.1-1.1.1/.content/bin/../lib/gcc/arm-none-eabi/14.2.1/thumb/v7e-m+fp/hard\libgcc.a(_udivmoddi4.o)
                0x08004d38                        __exidx_end = .
                0x08004d38                        . = ALIGN (0x4)

.preinit_array  0x08004d38        0x0
                0x08004d38                        . = ALIGN (0x4)
                0x08004d38                        PROVIDE (__preinit_array_start = .)
 *(.preinit_array*)
                0x08004d38                        PROVIDE (__preinit_array_end = .)
                0x08004d38                        . = ALIGN (0x4)

.init_array     0x08004d38        0x4
                0x08004d38                        . = ALIGN (0x4)
                0x08004d38                        PROVIDE (__init_array_start = .)
 *(SORT_BY_NAME(.init_array.*))
 *(.init_array*)
 .init_array    0x08004d38        0x4 c:/Users/mc_sd/AppData/Roaming/Code/User/globalStorage/bmd.stm32-for-vscode/@xpack-dev-tools/arm-none-eabi-gcc/14.2.1-1.1.1/.content/bin/../lib/gcc/arm-none-eabi/14.2.1/thumb/v7e-m+fp/hard/crtbegin.o
                0x08004d3c                        PROVIDE (__init_array_end = .)
                0x08004d3c                        . = ALIGN (0x4)

.fini_array     0x08004d3c        0x4
                0x08004d3c                        . = ALIGN (0x4)
                0x08004d3c                        PROVIDE (__fini_array_start = .)
 *(SORT_BY_NAME(.fini_array.*))
 *(.fini_array*)
 .fini_array    0x08004d3c        0x4 c:/Users/mc_sd/AppData/Roaming/Code/User/globalStorage/bmd.stm32-for-vscode/@xpack-dev-tools/arm-none-eabi-gcc/14.2.1-1.1.1/.content/bin/../lib/gcc/arm-none-eabi/14.2.1/thumb/v7e-m+fp/hard/crtbegin.o
                0x08004d40                        PROVIDE (__fini_array_end = .)
                0x08004d40                        . = ALIGN (0x4)
                0x08004d40                        _sidata = LOADADDR (.data)

.rel.dyn        0x08004d40        0x0
 .rel.iplt      0x08004d40        0x0 c:/Users/mc_sd/AppData/Roaming/Code/User/globalStorage/bmd.stm32-for-vscode/@xpack-dev-tools/arm-none-eabi-gcc/14.2.1-1.1.1/.content/bin/../lib/gcc/arm-none-eabi/14.2.1/thumb/v7e-m+fp/hard/crtbegin.o

.data           0x20000000       0xf8 load address 0x08004d40
                0x20000000                        . = ALIGN (0x4)
                0x20000000                        _sdata = .
 *(.data)
 *(.data*)
 .data.uwTickFreq
                0x20000000        0x1 build/debug/stm32f4xx_hal.o
                0x20000000                uwTickFreq
 *fill*         0x20000001        0x3 
 .data.uwTickPrio
                0x20000004        0x4 build/debug/stm32f4xx_hal.o
                0x20000004                uwTickPrio
 .data.SystemCoreClock
                0x20000008        0x4 build/debug/system_stm32f4xx.o
                0x20000008                SystemCoreClock
 .data.USBD_CDC_CfgDesc
                0x2000000c       0x43 build/debug/usbd_cdc.o
 *fill*         0x2000004f        0x1 
 .data.USBD_CDC
                0x20000050       0x38 build/debug/usbd_cdc.o
                0x20000050                USBD_CDC
 .data.USBD_CDC_DeviceQualifierDesc
                0x20000088        0xa build/debug/usbd_cdc.o
 *fill*         0x20000092        0x2 
 .data.USBD_Interface_fops_FS
                0x20000094       0x14 build/debug/usbd_cdc_if.o
                0x20000094                USBD_Interface_fops_FS
 .data.USBD_StringSerial
                0x200000a8       0x1a build/debug/usbd_desc.o
                0x200000a8                USBD_StringSerial
 *fill*         0x200000c2        0x2 
 .data.USBD_LangIDDesc
                0x200000c4        0x4 build/debug/usbd_desc.o
                0x200000c4                USBD_LangIDDesc
 .data.USBD_FS_DeviceDesc
                0x200000c8       0x12 build/debug/usbd_desc.o
                0x200000c8                USBD_FS_DeviceDesc
 *fill*         0x200000da        0x2 
 .data.FS_Desc  0x200000dc       0x1c build/debug/usbd_desc.o
                0x200000dc                FS_Desc
 *(.RamFunc)
 *(.RamFunc*)
                0x200000f8                        . = ALIGN (0x4)
                0x200000f8                        _edata = .

.igot.plt       0x200000f8        0x0 load address 0x08004e38
 .igot.plt      0x200000f8        0x0 c:/Users/mc_sd/AppData/Roaming/Code/User/globalStorage/bmd.stm32-for-vscode/@xpack-dev-tools/arm-none-eabi-gcc/14.2.1-1.1.1/.content/bin/../lib/gcc/arm-none-eabi/14.2.1/thumb/v7e-m+fp/hard/crtbegin.o
                0x200000f8                        . = ALIGN (0x4)

.bss            0x200000f8     0xbecc load address 0x08004e38
                0x200000f8                        _sbss = .
                0x200000f8                        __bss_start__ = _sbss
 *(.bss)
 *(.bss*)
 .bss.completed.1
                0x200000f8        0x1 c:/Users/mc_sd/AppData/Roaming/Code/User/globalStorage/bmd.stm32-for-vscode/@xpack-dev-tools/arm-none-eabi-gcc/14.2.1-1.1.1/.content/bin/../lib/gcc/arm-none-eabi/14.2.1/thumb/v7e-m+fp/hard/crtbegin.o
 *fill*         0x200000f9        0x3 
 .bss.object.0  0x200000fc       0x18 c:/Users/mc_sd/AppData/Roaming/Code/User/globalStorage/bmd.stm32-for-vscode/@xpack-dev-tools/arm-none-eabi-gcc/14.2.1-1.1.1/.content/bin/../lib/gcc/arm-none-eabi/14.2.1/thumb/v7e-m+fp/hard/crtbegin.o
 .bss.received_count
                0x20000114        0x4 build/debug/main.o
 .bss.spi_dma_busy
                0x20000118        0x1 build/debug/main.o
                0x20000118                spi_dma_busy
 .bss.new_frame_received_flag
                0x20000119        0x1 build/debug/main.o
                0x20000119                new_frame_received_flag
 *fill*         0x2000011a        0x2 
 .bss.front_buffer_ptr
                0x2000011c        0x4 build/debug/main.o
 .bss.back_buffer_ptr
                0x20000120        0x4 build/debug/main.o
 .bss.framebuffer2
                0x20000124     0x5100 build/debug/main.o
 .bss.framebuffer1
                0x20005224     0x5100 build/debug/main.o
 .bss.hdma_spi1_tx
                0x2000a324       0x60 build/debug/spi.o
                0x2000a324                hdma_spi1_tx
 .bss.hspi1     0x2000a384       0x58 build/debug/spi.o
                0x2000a384                hspi1
 .bss.uwTick    0x2000a3dc        0x4 build/debug/stm32f4xx_hal.o
                0x2000a3dc                uwTick
 .bss.hUsbDeviceFS
                0x2000a3e0      0x2dc build/debug/usb_device.o
                0x2000a3e0                hUsbDeviceFS
 .bss.UserTxBufferFS
                0x2000a6bc      0x800 build/debug/usbd_cdc_if.o
                0x2000a6bc                UserTxBufferFS
 .bss.UserRxBufferFS
                0x2000aebc      0x800 build/debug/usbd_cdc_if.o
                0x2000aebc                UserRxBufferFS
 .bss.mem.0     0x2000b6bc      0x220 build/debug/usbd_conf.o
 .bss.hpcd_USB_OTG_FS
                0x2000b8dc      0x4e4 build/debug/usbd_conf.o
                0x2000b8dc                hpcd_USB_OTG_FS
 .bss.cfgidx.0  0x2000bdc0        0x1 build/debug/usbd_ctlreq.o
 *fill*         0x2000bdc1        0x3 
 .bss.USBD_StrDesc
                0x2000bdc4      0x200 build/debug/usbd_desc.o
                0x2000bdc4                USBD_StrDesc
 *(COMMON)
                0x2000bfc4                        . = ALIGN (0x4)
                0x2000bfc4                        _ebss = .
                0x2000bfc4                        __bss_end__ = _ebss

._user_heap_stack
                0x2000bfc4     0x3204 load address 0x08004e38
                0x2000bfc8                        . = ALIGN (0x8)
 *fill*         0x2000bfc4        0x4 
                [!provide]                        PROVIDE (end = .)
                0x2000bfc8                        PROVIDE (_end = .)
                0x2000c1c8                        . = (. + _Min_Heap_Size)
 *fill*         0x2000bfc8      0x200 
                0x2000f1c8                        . = (. + _Min_Stack_Size)
 *fill*         0x2000c1c8     0x3000 
                0x2000f1c8                        . = ALIGN (0x8)

/DISCARD/
 libc.a(*)
 libm.a(*)
 libgcc.a(*)
OUTPUT(build/debug/F411_IST3257_256160_JG60046.elf elf32-littlearm)
LOAD linker stubs
LOAD c:/Users/mc_sd/AppData/Roaming/Code/User/globalStorage/bmd.stm32-for-vscode/@xpack-dev-tools/arm-none-eabi-gcc/14.2.1-1.1.1/.content/bin/../lib/gcc/arm-none-eabi/14.2.1/../../../../arm-none-eabi/lib/thumb/v7e-m+fp/hard\libc.a
LOAD c:/Users/mc_sd/AppData/Roaming/Code/User/globalStorage/bmd.stm32-for-vscode/@xpack-dev-tools/arm-none-eabi-gcc/14.2.1-1.1.1/.content/bin/../lib/gcc/arm-none-eabi/14.2.1/../../../../arm-none-eabi/lib/thumb/v7e-m+fp/hard\libm.a
LOAD c:/Users/mc_sd/AppData/Roaming/Code/User/globalStorage/bmd.stm32-for-vscode/@xpack-dev-tools/arm-none-eabi-gcc/14.2.1-1.1.1/.content/bin/../lib/gcc/arm-none-eabi/14.2.1/thumb/v7e-m+fp/hard\libgcc.a

.ARM.attributes
                0x00000000       0x30
 .ARM.attributes
                0x00000000       0x22 c:/Users/mc_sd/AppData/Roaming/Code/User/globalStorage/bmd.stm32-for-vscode/@xpack-dev-tools/arm-none-eabi-gcc/14.2.1-1.1.1/.content/bin/../lib/gcc/arm-none-eabi/14.2.1/thumb/v7e-m+fp/hard/crti.o
 .ARM.attributes
                0x00000022       0x34 c:/Users/mc_sd/AppData/Roaming/Code/User/globalStorage/bmd.stm32-for-vscode/@xpack-dev-tools/arm-none-eabi-gcc/14.2.1-1.1.1/.content/bin/../lib/gcc/arm-none-eabi/14.2.1/thumb/v7e-m+fp/hard/crtbegin.o
 .ARM.attributes
                0x00000056       0x34 build/debug/dma.o
 .ARM.attributes
                0x0000008a       0x34 build/debug/gpio.o
 .ARM.attributes
                0x000000be       0x34 build/debug/main.o
 .ARM.attributes
                0x000000f2       0x34 build/debug/spi.o
 .ARM.attributes
                0x00000126       0x34 build/debug/stm32f4xx_hal.o
 .ARM.attributes
                0x0000015a       0x34 build/debug/stm32f4xx_hal_cortex.o
 .ARM.attributes
                0x0000018e       0x34 build/debug/stm32f4xx_hal_dma.o
 .ARM.attributes
                0x000001c2       0x34 build/debug/stm32f4xx_hal_gpio.o
 .ARM.attributes
                0x000001f6       0x34 build/debug/stm32f4xx_hal_msp.o
 .ARM.attributes
                0x0000022a       0x34 build/debug/stm32f4xx_hal_pcd.o
 .ARM.attributes
                0x0000025e       0x34 build/debug/stm32f4xx_hal_pcd_ex.o
 .ARM.attributes
                0x00000292       0x34 build/debug/stm32f4xx_hal_rcc.o
 .ARM.attributes
                0x000002c6       0x34 build/debug/stm32f4xx_hal_spi.o
 .ARM.attributes
                0x000002fa       0x34 build/debug/stm32f4xx_it.o
 .ARM.attributes
                0x0000032e       0x34 build/debug/stm32f4xx_ll_usb.o
 .ARM.attributes
                0x00000362       0x34 build/debug/system_stm32f4xx.o
 .ARM.attributes
                0x00000396       0x34 build/debug/usb_device.o
 .ARM.attributes
                0x000003ca       0x34 build/debug/usbd_cdc.o
 .ARM.attributes
                0x000003fe       0x34 build/debug/usbd_cdc_if.o
 .ARM.attributes
                0x00000432       0x34 build/debug/usbd_conf.o
 .ARM.attributes
                0x00000466       0x34 build/debug/usbd_core.o
 .ARM.attributes
                0x0000049a       0x34 build/debug/usbd_ctlreq.o
 .ARM.attributes
                0x000004ce       0x34 build/debug/usbd_desc.o
 .ARM.attributes
                0x00000502       0x34 build/debug/usbd_ioreq.o
 .ARM.attributes
                0x00000536       0x21 build/debug/startup_stm32f411xe.o
 .ARM.attributes
                0x00000557       0x34 c:/Users/mc_sd/AppData/Roaming/Code/User/globalStorage/bmd.stm32-for-vscode/@xpack-dev-tools/arm-none-eabi-gcc/14.2.1-1.1.1/.content/bin/../lib/gcc/arm-none-eabi/14.2.1/../../../../arm-none-eabi/lib/thumb/v7e-m+fp/hard\libc_nano.a(libc_a-memset.o)
 .ARM.attributes
                0x0000058b       0x34 c:/Users/mc_sd/AppData/Roaming/Code/User/globalStorage/bmd.stm32-for-vscode/@xpack-dev-tools/arm-none-eabi-gcc/14.2.1-1.1.1/.content/bin/../lib/gcc/arm-none-eabi/14.2.1/../../../../arm-none-eabi/lib/thumb/v7e-m+fp/hard\libc_nano.a(libc_a-init.o)
 .ARM.attributes
                0x000005bf       0x34 c:/Users/mc_sd/AppData/Roaming/Code/User/globalStorage/bmd.stm32-for-vscode/@xpack-dev-tools/arm-none-eabi-gcc/14.2.1-1.1.1/.content/bin/../lib/gcc/arm-none-eabi/14.2.1/../../../../arm-none-eabi/lib/thumb/v7e-m+fp/hard\libc_nano.a(libc_a-memcpy-stub.o)
 .ARM.attributes
                0x000005f3       0x22 c:/Users/mc_sd/AppData/Roaming/Code/User/globalStorage/bmd.stm32-for-vscode/@xpack-dev-tools/arm-none-eabi-gcc/14.2.1-1.1.1/.content/bin/../lib/gcc/arm-none-eabi/14.2.1/thumb/v7e-m+fp/hard\libgcc.a(_aeabi_uldivmod.o)
 .ARM.attributes
                0x00000615       0x34 c:/Users/mc_sd/AppData/Roaming/Code/User/globalStorage/bmd.stm32-for-vscode/@xpack-dev-tools/arm-none-eabi-gcc/14.2.1-1.1.1/.content/bin/../lib/gcc/arm-none-eabi/14.2.1/thumb/v7e-m+fp/hard\libgcc.a(_udivmoddi4.o)
 .ARM.attributes
                0x00000649       0x22 c:/Users/mc_sd/AppData/Roaming/Code/User/globalStorage/bmd.stm32-for-vscode/@xpack-dev-tools/arm-none-eabi-gcc/14.2.1-1.1.1/.content/bin/../lib/gcc/arm-none-eabi/14.2.1/thumb/v7e-m+fp/hard\libgcc.a(_dvmd_tls.o)
 .ARM.attributes
                0x0000066b       0x22 c:/Users/mc_sd/AppData/Roaming/Code/User/globalStorage/bmd.stm32-for-vscode/@xpack-dev-tools/arm-none-eabi-gcc/14.2.1-1.1.1/.content/bin/../lib/gcc/arm-none-eabi/14.2.1/thumb/v7e-m+fp/hard/crtn.o

.comment        0x00000000       0x39
 .comment       0x00000000       0x39 c:/Users/mc_sd/AppData/Roaming/Code/User/globalStorage/bmd.stm32-for-vscode/@xpack-dev-tools/arm-none-eabi-gcc/14.2.1-1.1.1/.content/bin/../lib/gcc/arm-none-eabi/14.2.1/thumb/v7e-m+fp/hard/crtbegin.o
                                 0x3a (size before relaxing)
 .comment       0x00000039       0x3a build/debug/dma.o
 .comment       0x00000039       0x3a build/debug/gpio.o
 .comment       0x00000039       0x3a build/debug/main.o
 .comment       0x00000039       0x3a build/debug/spi.o
 .comment       0x00000039       0x3a build/debug/stm32f4xx_hal.o
 .comment       0x00000039       0x3a build/debug/stm32f4xx_hal_cortex.o
 .comment       0x00000039       0x3a build/debug/stm32f4xx_hal_dma.o
 .comment       0x00000039       0x3a build/debug/stm32f4xx_hal_gpio.o
 .comment       0x00000039       0x3a build/debug/stm32f4xx_hal_msp.o
 .comment       0x00000039       0x3a build/debug/stm32f4xx_hal_pcd.o
 .comment       0x00000039       0x3a build/debug/stm32f4xx_hal_pcd_ex.o
 .comment       0x00000039       0x3a build/debug/stm32f4xx_hal_rcc.o
 .comment       0x00000039       0x3a build/debug/stm32f4xx_hal_spi.o
 .comment       0x00000039       0x3a build/debug/stm32f4xx_it.o
 .comment       0x00000039       0x3a build/debug/stm32f4xx_ll_usb.o
 .comment       0x00000039       0x3a build/debug/system_stm32f4xx.o
 .comment       0x00000039       0x3a build/debug/usb_device.o
 .comment       0x00000039       0x3a build/debug/usbd_cdc.o
 .comment       0x00000039       0x3a build/debug/usbd_cdc_if.o
 .comment       0x00000039       0x3a build/debug/usbd_conf.o
 .comment       0x00000039       0x3a build/debug/usbd_core.o
 .comment       0x00000039       0x3a build/debug/usbd_ctlreq.o
 .comment       0x00000039       0x3a build/debug/usbd_desc.o
 .comment       0x00000039       0x3a build/debug/usbd_ioreq.o
 .comment       0x00000039       0x3a c:/Users/mc_sd/AppData/Roaming/Code/User/globalStorage/bmd.stm32-for-vscode/@xpack-dev-tools/arm-none-eabi-gcc/14.2.1-1.1.1/.content/bin/../lib/gcc/arm-none-eabi/14.2.1/../../../../arm-none-eabi/lib/thumb/v7e-m+fp/hard\libc_nano.a(libc_a-memset.o)
 .comment       0x00000039       0x3a c:/Users/mc_sd/AppData/Roaming/Code/User/globalStorage/bmd.stm32-for-vscode/@xpack-dev-tools/arm-none-eabi-gcc/14.2.1-1.1.1/.content/bin/../lib/gcc/arm-none-eabi/14.2.1/../../../../arm-none-eabi/lib/thumb/v7e-m+fp/hard\libc_nano.a(libc_a-init.o)
 .comment       0x00000039       0x3a c:/Users/mc_sd/AppData/Roaming/Code/User/globalStorage/bmd.stm32-for-vscode/@xpack-dev-tools/arm-none-eabi-gcc/14.2.1-1.1.1/.content/bin/../lib/gcc/arm-none-eabi/14.2.1/../../../../arm-none-eabi/lib/thumb/v7e-m+fp/hard\libc_nano.a(libc_a-memcpy-stub.o)
 .comment       0x00000039       0x3a c:/Users/mc_sd/AppData/Roaming/Code/User/globalStorage/bmd.stm32-for-vscode/@xpack-dev-tools/arm-none-eabi-gcc/14.2.1-1.1.1/.content/bin/../lib/gcc/arm-none-eabi/14.2.1/thumb/v7e-m+fp/hard\libgcc.a(_udivmoddi4.o)

.debug_info     0x00000000    0x15945
 .debug_info    0x00000000      0x488 build/debug/dma.o
 .debug_info    0x00000488      0x49c build/debug/gpio.o
 .debug_info    0x00000924     0x1978 build/debug/main.o
 .debug_info    0x0000229c      0xa60 build/debug/spi.o
 .debug_info    0x00002cfc      0x962 build/debug/stm32f4xx_hal.o
 .debug_info    0x0000365e      0xf65 build/debug/stm32f4xx_hal_cortex.o
 .debug_info    0x000045c3      0xad8 build/debug/stm32f4xx_hal_dma.o
 .debug_info    0x0000509b      0x73a build/debug/stm32f4xx_hal_gpio.o
 .debug_info    0x000057d5      0x2a2 build/debug/stm32f4xx_hal_msp.o
 .debug_info    0x00005a77     0x1c1c build/debug/stm32f4xx_hal_pcd.o
 .debug_info    0x00007693      0x6f9 build/debug/stm32f4xx_hal_pcd_ex.o
 .debug_info    0x00007d8c      0xac2 build/debug/stm32f4xx_hal_rcc.o
 .debug_info    0x0000884e     0x1cd7 build/debug/stm32f4xx_hal_spi.o
 .debug_info    0x0000a525      0x8e7 build/debug/stm32f4xx_it.o
 .debug_info    0x0000ae0c     0x1e79 build/debug/stm32f4xx_ll_usb.o
 .debug_info    0x0000cc85      0x553 build/debug/system_stm32f4xx.o
 .debug_info    0x0000d1d8      0x79e build/debug/usb_device.o
 .debug_info    0x0000d976     0x1783 build/debug/usbd_cdc.o
 .debug_info    0x0000f0f9      0x9fd build/debug/usbd_cdc_if.o
 .debug_info    0x0000faf6     0x211c build/debug/usbd_conf.o
 .debug_info    0x00011c12     0x124d build/debug/usbd_core.o
 .debug_info    0x00012e5f     0x1464 build/debug/usbd_ctlreq.o
 .debug_info    0x000142c3      0x5eb build/debug/usbd_desc.o
 .debug_info    0x000148ae      0x904 build/debug/usbd_ioreq.o
 .debug_info    0x000151b2       0x30 build/debug/startup_stm32f411xe.o
 .debug_info    0x000151e2       0x24 c:/Users/mc_sd/AppData/Roaming/Code/User/globalStorage/bmd.stm32-for-vscode/@xpack-dev-tools/arm-none-eabi-gcc/14.2.1-1.1.1/.content/bin/../lib/gcc/arm-none-eabi/14.2.1/thumb/v7e-m+fp/hard\libgcc.a(_aeabi_uldivmod.o)
 .debug_info    0x00015206      0x703 c:/Users/mc_sd/AppData/Roaming/Code/User/globalStorage/bmd.stm32-for-vscode/@xpack-dev-tools/arm-none-eabi-gcc/14.2.1-1.1.1/.content/bin/../lib/gcc/arm-none-eabi/14.2.1/thumb/v7e-m+fp/hard\libgcc.a(_udivmoddi4.o)
 .debug_info    0x00015909       0x3c c:/Users/mc_sd/AppData/Roaming/Code/User/globalStorage/bmd.stm32-for-vscode/@xpack-dev-tools/arm-none-eabi-gcc/14.2.1-1.1.1/.content/bin/../lib/gcc/arm-none-eabi/14.2.1/thumb/v7e-m+fp/hard\libgcc.a(_dvmd_tls.o)

.debug_abbrev   0x00000000     0x3a7d
 .debug_abbrev  0x00000000      0x12b build/debug/dma.o
 .debug_abbrev  0x0000012b      0x163 build/debug/gpio.o
 .debug_abbrev  0x0000028e      0x392 build/debug/main.o
 .debug_abbrev  0x00000620      0x221 build/debug/spi.o
 .debug_abbrev  0x00000841      0x277 build/debug/stm32f4xx_hal.o
 .debug_abbrev  0x00000ab8      0x391 build/debug/stm32f4xx_hal_cortex.o
 .debug_abbrev  0x00000e49      0x27d build/debug/stm32f4xx_hal_dma.o
 .debug_abbrev  0x000010c6      0x201 build/debug/stm32f4xx_hal_gpio.o
 .debug_abbrev  0x000012c7       0xd6 build/debug/stm32f4xx_hal_msp.o
 .debug_abbrev  0x0000139d      0x2d8 build/debug/stm32f4xx_hal_pcd.o
 .debug_abbrev  0x00001675      0x1f3 build/debug/stm32f4xx_hal_pcd_ex.o
 .debug_abbrev  0x00001868      0x2c6 build/debug/stm32f4xx_hal_rcc.o
 .debug_abbrev  0x00001b2e      0x26e build/debug/stm32f4xx_hal_spi.o
 .debug_abbrev  0x00001d9c      0x1f4 build/debug/stm32f4xx_it.o
 .debug_abbrev  0x00001f90      0x329 build/debug/stm32f4xx_ll_usb.o
 .debug_abbrev  0x000022b9      0x11e build/debug/system_stm32f4xx.o
 .debug_abbrev  0x000023d7      0x1b0 build/debug/usb_device.o
 .debug_abbrev  0x00002587      0x33d build/debug/usbd_cdc.o
 .debug_abbrev  0x000028c4      0x2df build/debug/usbd_cdc_if.o
 .debug_abbrev  0x00002ba3      0x33b build/debug/usbd_conf.o
 .debug_abbrev  0x00002ede      0x2f8 build/debug/usbd_core.o
 .debug_abbrev  0x000031d6      0x343 build/debug/usbd_ctlreq.o
 .debug_abbrev  0x00003519      0x1ec build/debug/usbd_desc.o
 .debug_abbrev  0x00003705      0x1b0 build/debug/usbd_ioreq.o
 .debug_abbrev  0x000038b5       0x24 build/debug/startup_stm32f411xe.o
 .debug_abbrev  0x000038d9       0x14 c:/Users/mc_sd/AppData/Roaming/Code/User/globalStorage/bmd.stm32-for-vscode/@xpack-dev-tools/arm-none-eabi-gcc/14.2.1-1.1.1/.content/bin/../lib/gcc/arm-none-eabi/14.2.1/thumb/v7e-m+fp/hard\libgcc.a(_aeabi_uldivmod.o)
 .debug_abbrev  0x000038ed      0x16a c:/Users/mc_sd/AppData/Roaming/Code/User/globalStorage/bmd.stm32-for-vscode/@xpack-dev-tools/arm-none-eabi-gcc/14.2.1-1.1.1/.content/bin/../lib/gcc/arm-none-eabi/14.2.1/thumb/v7e-m+fp/hard\libgcc.a(_udivmoddi4.o)
 .debug_abbrev  0x00003a57       0x26 c:/Users/mc_sd/AppData/Roaming/Code/User/globalStorage/bmd.stm32-for-vscode/@xpack-dev-tools/arm-none-eabi-gcc/14.2.1-1.1.1/.content/bin/../lib/gcc/arm-none-eabi/14.2.1/thumb/v7e-m+fp/hard\libgcc.a(_dvmd_tls.o)

.debug_aranges  0x00000000      0xe78
 .debug_aranges
                0x00000000       0x20 build/debug/dma.o
 .debug_aranges
                0x00000020       0x20 build/debug/gpio.o
 .debug_aranges
                0x00000040       0x68 build/debug/main.o
 .debug_aranges
                0x000000a8       0x30 build/debug/spi.o
 .debug_aranges
                0x000000d8       0xf0 build/debug/stm32f4xx_hal.o
 .debug_aranges
                0x000001c8       0xf8 build/debug/stm32f4xx_hal_cortex.o
 .debug_aranges
                0x000002c0       0x90 build/debug/stm32f4xx_hal_dma.o
 .debug_aranges
                0x00000350       0x58 build/debug/stm32f4xx_hal_gpio.o
 .debug_aranges
                0x000003a8       0x20 build/debug/stm32f4xx_hal_msp.o
 .debug_aranges
                0x000003c8      0x148 build/debug/stm32f4xx_hal_pcd.o
 .debug_aranges
                0x00000510       0x38 build/debug/stm32f4xx_hal_pcd_ex.o
 .debug_aranges
                0x00000548       0x88 build/debug/stm32f4xx_hal_rcc.o
 .debug_aranges
                0x000005d0      0x1d0 build/debug/stm32f4xx_hal_spi.o
 .debug_aranges
                0x000007a0       0x70 build/debug/stm32f4xx_it.o
 .debug_aranges
                0x00000810      0x1a0 build/debug/stm32f4xx_ll_usb.o
 .debug_aranges
                0x000009b0       0x28 build/debug/system_stm32f4xx.o
 .debug_aranges
                0x000009d8       0x20 build/debug/usb_device.o
 .debug_aranges
                0x000009f8       0x90 build/debug/usbd_cdc.o
 .debug_aranges
                0x00000a88       0x48 build/debug/usbd_cdc_if.o
 .debug_aranges
                0x00000ad0      0x110 build/debug/usbd_conf.o
 .debug_aranges
                0x00000be0       0xd8 build/debug/usbd_core.o
 .debug_aranges
                0x00000cb8       0x88 build/debug/usbd_ctlreq.o
 .debug_aranges
                0x00000d40       0x60 build/debug/usbd_desc.o
 .debug_aranges
                0x00000da0       0x50 build/debug/usbd_ioreq.o
 .debug_aranges
                0x00000df0       0x28 build/debug/startup_stm32f411xe.o
 .debug_aranges
                0x00000e18       0x20 c:/Users/mc_sd/AppData/Roaming/Code/User/globalStorage/bmd.stm32-for-vscode/@xpack-dev-tools/arm-none-eabi-gcc/14.2.1-1.1.1/.content/bin/../lib/gcc/arm-none-eabi/14.2.1/thumb/v7e-m+fp/hard\libgcc.a(_aeabi_uldivmod.o)
 .debug_aranges
                0x00000e38       0x20 c:/Users/mc_sd/AppData/Roaming/Code/User/globalStorage/bmd.stm32-for-vscode/@xpack-dev-tools/arm-none-eabi-gcc/14.2.1-1.1.1/.content/bin/../lib/gcc/arm-none-eabi/14.2.1/thumb/v7e-m+fp/hard\libgcc.a(_udivmoddi4.o)
 .debug_aranges
                0x00000e58       0x20 c:/Users/mc_sd/AppData/Roaming/Code/User/globalStorage/bmd.stm32-for-vscode/@xpack-dev-tools/arm-none-eabi-gcc/14.2.1-1.1.1/.content/bin/../lib/gcc/arm-none-eabi/14.2.1/thumb/v7e-m+fp/hard\libgcc.a(_dvmd_tls.o)

.debug_rnglists
                0x00000000      0xb16
 .debug_rnglists
                0x00000000       0x13 build/debug/dma.o
 .debug_rnglists
                0x00000013       0x14 build/debug/gpio.o
 .debug_rnglists
                0x00000027       0x63 build/debug/main.o
 .debug_rnglists
                0x0000008a       0x20 build/debug/spi.o
 .debug_rnglists
                0x000000aa       0xaf build/debug/stm32f4xx_hal.o
 .debug_rnglists
                0x00000159       0xb5 build/debug/stm32f4xx_hal_cortex.o
 .debug_rnglists
                0x0000020e       0x6c build/debug/stm32f4xx_hal_dma.o
 .debug_rnglists
                0x0000027a       0x3f build/debug/stm32f4xx_hal_gpio.o
 .debug_rnglists
                0x000002b9       0x13 build/debug/stm32f4xx_hal_msp.o
 .debug_rnglists
                0x000002cc       0xf7 build/debug/stm32f4xx_hal_pcd.o
 .debug_rnglists
                0x000003c3       0x25 build/debug/stm32f4xx_hal_pcd_ex.o
 .debug_rnglists
                0x000003e8       0x75 build/debug/stm32f4xx_hal_rcc.o
 .debug_rnglists
                0x0000045d      0x16a build/debug/stm32f4xx_hal_spi.o
 .debug_rnglists
                0x000005c7       0x4f build/debug/stm32f4xx_it.o
 .debug_rnglists
                0x00000616      0x141 build/debug/stm32f4xx_ll_usb.o
 .debug_rnglists
                0x00000757       0x1a build/debug/system_stm32f4xx.o
 .debug_rnglists
                0x00000771       0x13 build/debug/usb_device.o
 .debug_rnglists
                0x00000784       0x69 build/debug/usbd_cdc.o
 .debug_rnglists
                0x000007ed       0x31 build/debug/usbd_cdc_if.o
 .debug_rnglists
                0x0000081e       0xc8 build/debug/usbd_conf.o
 .debug_rnglists
                0x000008e6       0x9f build/debug/usbd_core.o
 .debug_rnglists
                0x00000985       0x65 build/debug/usbd_ctlreq.o
 .debug_rnglists
                0x000009ea       0x43 build/debug/usbd_desc.o
 .debug_rnglists
                0x00000a2d       0x37 build/debug/usbd_ioreq.o
 .debug_rnglists
                0x00000a64       0x19 build/debug/startup_stm32f411xe.o
 .debug_rnglists
                0x00000a7d       0x99 c:/Users/mc_sd/AppData/Roaming/Code/User/globalStorage/bmd.stm32-for-vscode/@xpack-dev-tools/arm-none-eabi-gcc/14.2.1-1.1.1/.content/bin/../lib/gcc/arm-none-eabi/14.2.1/thumb/v7e-m+fp/hard\libgcc.a(_udivmoddi4.o)

.debug_line     0x00000000     0xe727
 .debug_line    0x00000000      0x227 build/debug/dma.o
 .debug_line    0x00000227      0x27c build/debug/gpio.o
 .debug_line    0x000004a3      0x7ab build/debug/main.o
 .debug_line    0x00000c4e      0x3f5 build/debug/spi.o
 .debug_line    0x00001043      0x60f build/debug/stm32f4xx_hal.o
 .debug_line    0x00001652      0x8d2 build/debug/stm32f4xx_hal_cortex.o
 .debug_line    0x00001f24      0xec8 build/debug/stm32f4xx_hal_dma.o
 .debug_line    0x00002dec      0x761 build/debug/stm32f4xx_hal_gpio.o
 .debug_line    0x0000354d      0x1fe build/debug/stm32f4xx_hal_msp.o
 .debug_line    0x0000374b     0x14df build/debug/stm32f4xx_hal_pcd.o
 .debug_line    0x00004c2a      0x348 build/debug/stm32f4xx_hal_pcd_ex.o
 .debug_line    0x00004f72      0xc71 build/debug/stm32f4xx_hal_rcc.o
 .debug_line    0x00005be3     0x24d5 build/debug/stm32f4xx_hal_spi.o
 .debug_line    0x000080b8      0x382 build/debug/stm32f4xx_it.o
 .debug_line    0x0000843a     0x1f81 build/debug/stm32f4xx_ll_usb.o
 .debug_line    0x0000a3bb      0x2f5 build/debug/system_stm32f4xx.o
 .debug_line    0x0000a6b0      0x2c1 build/debug/usb_device.o
 .debug_line    0x0000a971      0xb2f build/debug/usbd_cdc.o
 .debug_line    0x0000b4a0      0x30e build/debug/usbd_cdc_if.o
 .debug_line    0x0000b7ae      0x8b8 build/debug/usbd_conf.o
 .debug_line    0x0000c066      0xa9b build/debug/usbd_core.o
 .debug_line    0x0000cb01      0xdb9 build/debug/usbd_ctlreq.o
 .debug_line    0x0000d8ba      0x3dc build/debug/usbd_desc.o
 .debug_line    0x0000dc96      0x35e build/debug/usbd_ioreq.o
 .debug_line    0x0000dff4       0x76 build/debug/startup_stm32f411xe.o
 .debug_line    0x0000e06a       0x4e c:/Users/mc_sd/AppData/Roaming/Code/User/globalStorage/bmd.stm32-for-vscode/@xpack-dev-tools/arm-none-eabi-gcc/14.2.1-1.1.1/.content/bin/../lib/gcc/arm-none-eabi/14.2.1/thumb/v7e-m+fp/hard\libgcc.a(_aeabi_uldivmod.o)
 .debug_line    0x0000e0b8      0x625 c:/Users/mc_sd/AppData/Roaming/Code/User/globalStorage/bmd.stm32-for-vscode/@xpack-dev-tools/arm-none-eabi-gcc/14.2.1-1.1.1/.content/bin/../lib/gcc/arm-none-eabi/14.2.1/thumb/v7e-m+fp/hard\libgcc.a(_udivmoddi4.o)
 .debug_line    0x0000e6dd       0x4a c:/Users/mc_sd/AppData/Roaming/Code/User/globalStorage/bmd.stm32-for-vscode/@xpack-dev-tools/arm-none-eabi-gcc/14.2.1-1.1.1/.content/bin/../lib/gcc/arm-none-eabi/14.2.1/thumb/v7e-m+fp/hard\libgcc.a(_dvmd_tls.o)

.debug_str      0x00000000     0x4afb
 .debug_str     0x00000000     0x4afb build/debug/dma.o
                                0x680 (size before relaxing)
 .debug_str     0x00004afb      0x385 build/debug/gpio.o
 .debug_str     0x00004afb      0xef3 build/debug/main.o
 .debug_str     0x00004afb      0x83b build/debug/spi.o
 .debug_str     0x00004afb      0xa05 build/debug/stm32f4xx_hal.o
 .debug_str     0x00004afb      0xb04 build/debug/stm32f4xx_hal_cortex.o
 .debug_str     0x00004afb      0x75d build/debug/stm32f4xx_hal_dma.o
 .debug_str     0x00004afb      0x4d9 build/debug/stm32f4xx_hal_gpio.o
 .debug_str     0x00004afb      0x2c6 build/debug/stm32f4xx_hal_msp.o
 .debug_str     0x00004afb      0xdec build/debug/stm32f4xx_hal_pcd.o
 .debug_str     0x00004afb      0x72a build/debug/stm32f4xx_hal_pcd_ex.o
 .debug_str     0x00004afb      0x6ff build/debug/stm32f4xx_hal_rcc.o
 .debug_str     0x00004afb      0xbdb build/debug/stm32f4xx_hal_spi.o
 .debug_str     0x00004afb      0x8ab build/debug/stm32f4xx_it.o
 .debug_str     0x00004afb      0xd15 build/debug/stm32f4xx_ll_usb.o
 .debug_str     0x00004afb      0x36e build/debug/system_stm32f4xx.o
 .debug_str     0x00004afb      0x6c1 build/debug/usb_device.o
 .debug_str     0x00004afb      0xd8c build/debug/usbd_cdc.o
 .debug_str     0x00004afb      0x7a3 build/debug/usbd_cdc_if.o
 .debug_str     0x00004afb     0x148a build/debug/usbd_conf.o
 .debug_str     0x00004afb      0x9d3 build/debug/usbd_core.o
 .debug_str     0x00004afb      0x7fe build/debug/usbd_ctlreq.o
 .debug_str     0x00004afb      0x452 build/debug/usbd_desc.o
 .debug_str     0x00004afb      0x6d3 build/debug/usbd_ioreq.o
 .debug_str     0x00004afb       0x65 build/debug/startup_stm32f411xe.o
 .debug_str     0x00004afb      0x13a c:/Users/mc_sd/AppData/Roaming/Code/User/globalStorage/bmd.stm32-for-vscode/@xpack-dev-tools/arm-none-eabi-gcc/14.2.1-1.1.1/.content/bin/../lib/gcc/arm-none-eabi/14.2.1/thumb/v7e-m+fp/hard\libgcc.a(_aeabi_uldivmod.o)
 .debug_str     0x00004afb      0x753 c:/Users/mc_sd/AppData/Roaming/Code/User/globalStorage/bmd.stm32-for-vscode/@xpack-dev-tools/arm-none-eabi-gcc/14.2.1-1.1.1/.content/bin/../lib/gcc/arm-none-eabi/14.2.1/thumb/v7e-m+fp/hard\libgcc.a(_udivmoddi4.o)
 .debug_str     0x00004afb      0x15a c:/Users/mc_sd/AppData/Roaming/Code/User/globalStorage/bmd.stm32-for-vscode/@xpack-dev-tools/arm-none-eabi-gcc/14.2.1-1.1.1/.content/bin/../lib/gcc/arm-none-eabi/14.2.1/thumb/v7e-m+fp/hard\libgcc.a(_dvmd_tls.o)

.debug_frame    0x00000000     0x23fc
 .debug_frame   0x00000000       0x2c build/debug/dma.o
 .debug_frame   0x0000002c       0x38 build/debug/gpio.o
 .debug_frame   0x00000064      0x128 build/debug/main.o
 .debug_frame   0x0000018c       0x64 build/debug/spi.o
 .debug_frame   0x000001f0      0x1ec build/debug/stm32f4xx_hal.o
 .debug_frame   0x000003dc      0x214 build/debug/stm32f4xx_hal_cortex.o
 .debug_frame   0x000005f0      0x188 build/debug/stm32f4xx_hal_dma.o
 .debug_frame   0x00000778       0xd8 build/debug/stm32f4xx_hal_gpio.o
 .debug_frame   0x00000850       0x28 build/debug/stm32f4xx_hal_msp.o
 .debug_frame   0x00000878      0x388 build/debug/stm32f4xx_hal_pcd.o
 .debug_frame   0x00000c00       0x5c build/debug/stm32f4xx_hal_pcd_ex.o
 .debug_frame   0x00000c5c      0x16c build/debug/stm32f4xx_hal_rcc.o
 .debug_frame   0x00000dc8      0x5b4 build/debug/stm32f4xx_hal_spi.o
 .debug_frame   0x0000137c       0xe0 build/debug/stm32f4xx_it.o
 .debug_frame   0x0000145c      0x494 build/debug/stm32f4xx_ll_usb.o
 .debug_frame   0x000018f0       0x30 build/debug/system_stm32f4xx.o
 .debug_frame   0x00001920       0x28 build/debug/usb_device.o
 .debug_frame   0x00001948      0x190 build/debug/usbd_cdc.o
 .debug_frame   0x00001ad8       0x88 build/debug/usbd_cdc_if.o
 .debug_frame   0x00001b60      0x2e4 build/debug/usbd_conf.o
 .debug_frame   0x00001e44      0x240 build/debug/usbd_core.o
 .debug_frame   0x00002084      0x180 build/debug/usbd_ctlreq.o
 .debug_frame   0x00002204       0xe0 build/debug/usbd_desc.o
 .debug_frame   0x000022e4       0xb8 build/debug/usbd_ioreq.o
 .debug_frame   0x0000239c       0x2c c:/Users/mc_sd/AppData/Roaming/Code/User/globalStorage/bmd.stm32-for-vscode/@xpack-dev-tools/arm-none-eabi-gcc/14.2.1-1.1.1/.content/bin/../lib/gcc/arm-none-eabi/14.2.1/thumb/v7e-m+fp/hard\libgcc.a(_aeabi_uldivmod.o)
 .debug_frame   0x000023c8       0x34 c:/Users/mc_sd/AppData/Roaming/Code/User/globalStorage/bmd.stm32-for-vscode/@xpack-dev-tools/arm-none-eabi-gcc/14.2.1-1.1.1/.content/bin/../lib/gcc/arm-none-eabi/14.2.1/thumb/v7e-m+fp/hard\libgcc.a(_udivmoddi4.o)

.debug_loclists
                0x00000000     0x8efb
 .debug_loclists
                0x00000000      0x1f0 build/debug/main.o
 .debug_loclists
                0x000001f0       0x5c build/debug/spi.o
 .debug_loclists
                0x0000024c       0xe1 build/debug/stm32f4xx_hal.o
 .debug_loclists
                0x0000032d      0x54d build/debug/stm32f4xx_hal_cortex.o
 .debug_loclists
                0x0000087a      0x88a build/debug/stm32f4xx_hal_dma.o
 .debug_loclists
                0x00001104      0x386 build/debug/stm32f4xx_hal_gpio.o
 .debug_loclists
                0x0000148a      0xdb6 build/debug/stm32f4xx_hal_pcd.o
 .debug_loclists
                0x00002240       0xb3 build/debug/stm32f4xx_hal_pcd_ex.o
 .debug_loclists
                0x000022f3      0x3db build/debug/stm32f4xx_hal_rcc.o
 .debug_loclists
                0x000026ce     0x14b9 build/debug/stm32f4xx_hal_spi.o
 .debug_loclists
                0x00003b87     0x1866 build/debug/stm32f4xx_ll_usb.o
 .debug_loclists
                0x000053ed       0x70 build/debug/system_stm32f4xx.o
 .debug_loclists
                0x0000545d      0x755 build/debug/usbd_cdc.o
 .debug_loclists
                0x00005bb2      0x103 build/debug/usbd_cdc_if.o
 .debug_loclists
                0x00005cb5      0x8a9 build/debug/usbd_conf.o
 .debug_loclists
                0x0000655e      0x98f build/debug/usbd_core.o
 .debug_loclists
                0x00006eed     0x104c build/debug/usbd_ctlreq.o
 .debug_loclists
                0x00007f39      0x299 build/debug/usbd_desc.o
 .debug_loclists
                0x000081d2      0x214 build/debug/usbd_ioreq.o
 .debug_loclists
                0x000083e6      0xb15 c:/Users/mc_sd/AppData/Roaming/Code/User/globalStorage/bmd.stm32-for-vscode/@xpack-dev-tools/arm-none-eabi-gcc/14.2.1-1.1.1/.content/bin/../lib/gcc/arm-none-eabi/14.2.1/thumb/v7e-m+fp/hard\libgcc.a(_udivmoddi4.o)

.debug_line_str
                0x00000000      0x181
 .debug_line_str
                0x00000000      0x181 build/debug/startup_stm32f411xe.o
                                 0x49 (size before relaxing)
 .debug_line_str
                0x00000181      0x12c c:/Users/mc_sd/AppData/Roaming/Code/User/globalStorage/bmd.stm32-for-vscode/@xpack-dev-tools/arm-none-eabi-gcc/14.2.1-1.1.1/.content/bin/../lib/gcc/arm-none-eabi/14.2.1/thumb/v7e-m+fp/hard\libgcc.a(_aeabi_uldivmod.o)
 .debug_line_str
                0x00000181      0x130 c:/Users/mc_sd/AppData/Roaming/Code/User/globalStorage/bmd.stm32-for-vscode/@xpack-dev-tools/arm-none-eabi-gcc/14.2.1-1.1.1/.content/bin/../lib/gcc/arm-none-eabi/14.2.1/thumb/v7e-m+fp/hard\libgcc.a(_dvmd_tls.o)

Cross Reference Table

Symbol                                            File
ADC_IRQHandler                                    build/debug/startup_stm32f411xe.o
AHBPrescTable                                     build/debug/system_stm32f4xx.o
                                                  build/debug/stm32f4xx_hal_rcc.o
APBPrescTable                                     build/debug/system_stm32f4xx.o
                                                  build/debug/stm32f4xx_hal_rcc.o
BusFault_Handler                                  build/debug/stm32f4xx_it.o
CDC_ReceiveCallBack                               build/debug/main.o
                                                  build/debug/usbd_cdc_if.o
CDC_Transmit_FS                                   build/debug/usbd_cdc_if.o
DMA1_Stream0_IRQHandler                           build/debug/startup_stm32f411xe.o
DMA1_Stream1_IRQHandler                           build/debug/startup_stm32f411xe.o
DMA1_Stream2_IRQHandler                           build/debug/startup_stm32f411xe.o
DMA1_Stream3_IRQHandler                           build/debug/startup_stm32f411xe.o
DMA1_Stream4_IRQHandler                           build/debug/startup_stm32f411xe.o
DMA1_Stream5_IRQHandler                           build/debug/startup_stm32f411xe.o
DMA1_Stream6_IRQHandler                           build/debug/startup_stm32f411xe.o
DMA1_Stream7_IRQHandler                           build/debug/startup_stm32f411xe.o
DMA2_Stream0_IRQHandler                           build/debug/startup_stm32f411xe.o
DMA2_Stream1_IRQHandler                           build/debug/startup_stm32f411xe.o
DMA2_Stream2_IRQHandler                           build/debug/stm32f4xx_it.o
DMA2_Stream3_IRQHandler                           build/debug/startup_stm32f411xe.o
DMA2_Stream4_IRQHandler                           build/debug/startup_stm32f411xe.o
DMA2_Stream5_IRQHandler                           build/debug/startup_stm32f411xe.o
DMA2_Stream6_IRQHandler                           build/debug/startup_stm32f411xe.o
DMA2_Stream7_IRQHandler                           build/debug/startup_stm32f411xe.o
DebugMon_Handler                                  build/debug/stm32f4xx_it.o
Default_Handler                                   build/debug/startup_stm32f411xe.o
EXTI0_IRQHandler                                  build/debug/startup_stm32f411xe.o
EXTI15_10_IRQHandler                              build/debug/startup_stm32f411xe.o
EXTI1_IRQHandler                                  build/debug/startup_stm32f411xe.o
EXTI2_IRQHandler                                  build/debug/startup_stm32f411xe.o
EXTI3_IRQHandler                                  build/debug/startup_stm32f411xe.o
EXTI4_IRQHandler                                  build/debug/startup_stm32f411xe.o
EXTI9_5_IRQHandler                                build/debug/startup_stm32f411xe.o
Error_Handler                                     build/debug/main.o
                                                  build/debug/usbd_conf.o
                                                  build/debug/usb_device.o
                                                  build/debug/spi.o
FLASH_Erase_Sector                                build/debug/stm32f4xx_hal_flash_ex.o
                                                  build/debug/stm32f4xx_hal_flash.o
FLASH_FlushCaches                                 build/debug/stm32f4xx_hal_flash_ex.o
                                                  build/debug/stm32f4xx_hal_flash.o
FLASH_IRQHandler                                  build/debug/startup_stm32f411xe.o
FLASH_WaitForLastOperation                        build/debug/stm32f4xx_hal_flash.o
                                                  build/debug/stm32f4xx_hal_flash_ex.o
FPU_IRQHandler                                    build/debug/startup_stm32f411xe.o
FS_Desc                                           build/debug/usbd_desc.o
                                                  build/debug/usb_device.o
HAL_CORTEX_ClearEvent                             build/debug/stm32f4xx_hal_cortex.o
HAL_DBGMCU_DisableDBGSleepMode                    build/debug/stm32f4xx_hal.o
HAL_DBGMCU_DisableDBGStandbyMode                  build/debug/stm32f4xx_hal.o
HAL_DBGMCU_DisableDBGStopMode                     build/debug/stm32f4xx_hal.o
HAL_DBGMCU_EnableDBGSleepMode                     build/debug/stm32f4xx_hal.o
HAL_DBGMCU_EnableDBGStandbyMode                   build/debug/stm32f4xx_hal.o
HAL_DBGMCU_EnableDBGStopMode                      build/debug/stm32f4xx_hal.o
HAL_DMAEx_ChangeMemory                            build/debug/stm32f4xx_hal_dma_ex.o
HAL_DMAEx_MultiBufferStart                        build/debug/stm32f4xx_hal_dma_ex.o
HAL_DMAEx_MultiBufferStart_IT                     build/debug/stm32f4xx_hal_dma_ex.o
HAL_DMA_Abort                                     build/debug/stm32f4xx_hal_dma.o
                                                  build/debug/stm32f4xx_hal_spi.o
HAL_DMA_Abort_IT                                  build/debug/stm32f4xx_hal_dma.o
                                                  build/debug/stm32f4xx_hal_spi.o
HAL_DMA_DeInit                                    build/debug/stm32f4xx_hal_dma.o
                                                  build/debug/spi.o
HAL_DMA_GetError                                  build/debug/stm32f4xx_hal_dma.o
HAL_DMA_GetState                                  build/debug/stm32f4xx_hal_dma.o
HAL_DMA_IRQHandler                                build/debug/stm32f4xx_hal_dma.o
                                                  build/debug/stm32f4xx_it.o
HAL_DMA_Init                                      build/debug/stm32f4xx_hal_dma.o
                                                  build/debug/spi.o
HAL_DMA_PollForTransfer                           build/debug/stm32f4xx_hal_dma.o
HAL_DMA_RegisterCallback                          build/debug/stm32f4xx_hal_dma.o
HAL_DMA_Start                                     build/debug/stm32f4xx_hal_dma.o
HAL_DMA_Start_IT                                  build/debug/stm32f4xx_hal_dma.o
                                                  build/debug/stm32f4xx_hal_spi.o
HAL_DMA_UnRegisterCallback                        build/debug/stm32f4xx_hal_dma.o
HAL_DeInit                                        build/debug/stm32f4xx_hal.o
HAL_Delay                                         build/debug/stm32f4xx_hal.o
                                                  build/debug/usbd_conf.o
                                                  build/debug/stm32f4xx_ll_usb.o
                                                  build/debug/main.o
HAL_DisableCompensationCell                       build/debug/stm32f4xx_hal.o
HAL_EXTI_ClearConfigLine                          build/debug/stm32f4xx_hal_exti.o
HAL_EXTI_ClearPending                             build/debug/stm32f4xx_hal_exti.o
HAL_EXTI_GenerateSWI                              build/debug/stm32f4xx_hal_exti.o
HAL_EXTI_GetConfigLine                            build/debug/stm32f4xx_hal_exti.o
HAL_EXTI_GetHandle                                build/debug/stm32f4xx_hal_exti.o
HAL_EXTI_GetPending                               build/debug/stm32f4xx_hal_exti.o
HAL_EXTI_IRQHandler                               build/debug/stm32f4xx_hal_exti.o
HAL_EXTI_RegisterCallback                         build/debug/stm32f4xx_hal_exti.o
HAL_EXTI_SetConfigLine                            build/debug/stm32f4xx_hal_exti.o
HAL_EnableCompensationCell                        build/debug/stm32f4xx_hal.o
HAL_FLASHEx_AdvOBGetConfig                        build/debug/stm32f4xx_hal_flash_ex.o
HAL_FLASHEx_AdvOBProgram                          build/debug/stm32f4xx_hal_flash_ex.o
HAL_FLASHEx_DisableFlashSleepMode                 build/debug/stm32f4xx_hal_flash_ramfunc.o
HAL_FLASHEx_EnableFlashSleepMode                  build/debug/stm32f4xx_hal_flash_ramfunc.o
HAL_FLASHEx_Erase                                 build/debug/stm32f4xx_hal_flash_ex.o
HAL_FLASHEx_Erase_IT                              build/debug/stm32f4xx_hal_flash_ex.o
HAL_FLASHEx_OBGetConfig                           build/debug/stm32f4xx_hal_flash_ex.o
HAL_FLASHEx_OBProgram                             build/debug/stm32f4xx_hal_flash_ex.o
HAL_FLASHEx_OB_DeSelectPCROP                      build/debug/stm32f4xx_hal_flash_ex.o
HAL_FLASHEx_OB_SelectPCROP                        build/debug/stm32f4xx_hal_flash_ex.o
HAL_FLASHEx_StartFlashInterfaceClk                build/debug/stm32f4xx_hal_flash_ramfunc.o
HAL_FLASHEx_StopFlashInterfaceClk                 build/debug/stm32f4xx_hal_flash_ramfunc.o
HAL_FLASH_EndOfOperationCallback                  build/debug/stm32f4xx_hal_flash.o
HAL_FLASH_GetError                                build/debug/stm32f4xx_hal_flash.o
HAL_FLASH_IRQHandler                              build/debug/stm32f4xx_hal_flash.o
HAL_FLASH_Lock                                    build/debug/stm32f4xx_hal_flash.o
HAL_FLASH_OB_Launch                               build/debug/stm32f4xx_hal_flash.o
HAL_FLASH_OB_Lock                                 build/debug/stm32f4xx_hal_flash.o
HAL_FLASH_OB_Unlock                               build/debug/stm32f4xx_hal_flash.o
HAL_FLASH_OperationErrorCallback                  build/debug/stm32f4xx_hal_flash.o
HAL_FLASH_Program                                 build/debug/stm32f4xx_hal_flash.o
HAL_FLASH_Program_IT                              build/debug/stm32f4xx_hal_flash.o
HAL_FLASH_Unlock                                  build/debug/stm32f4xx_hal_flash.o
HAL_GPIO_DeInit                                   build/debug/stm32f4xx_hal_gpio.o
                                                  build/debug/usbd_conf.o
                                                  build/debug/spi.o
HAL_GPIO_EXTI_Callback                            build/debug/stm32f4xx_hal_gpio.o
HAL_GPIO_EXTI_IRQHandler                          build/debug/stm32f4xx_hal_gpio.o
HAL_GPIO_Init                                     build/debug/stm32f4xx_hal_gpio.o
                                                  build/debug/usbd_conf.o
                                                  build/debug/stm32f4xx_hal_rcc.o
                                                  build/debug/spi.o
                                                  build/debug/gpio.o
HAL_GPIO_LockPin                                  build/debug/stm32f4xx_hal_gpio.o
HAL_GPIO_ReadPin                                  build/debug/stm32f4xx_hal_gpio.o
HAL_GPIO_TogglePin                                build/debug/stm32f4xx_hal_gpio.o
HAL_GPIO_WritePin                                 build/debug/stm32f4xx_hal_gpio.o
                                                  build/debug/main.o
                                                  build/debug/gpio.o
HAL_GetDEVID                                      build/debug/stm32f4xx_hal.o
HAL_GetHalVersion                                 build/debug/stm32f4xx_hal.o
HAL_GetREVID                                      build/debug/stm32f4xx_hal.o
HAL_GetTick                                       build/debug/stm32f4xx_hal.o
                                                  build/debug/stm32f4xx_hal_spi.o
                                                  build/debug/stm32f4xx_hal_rcc_ex.o
                                                  build/debug/stm32f4xx_hal_rcc.o
                                                  build/debug/stm32f4xx_hal_pwr_ex.o
                                                  build/debug/stm32f4xx_hal_flash.o
                                                  build/debug/stm32f4xx_hal_dma.o
HAL_GetTickFreq                                   build/debug/stm32f4xx_hal.o
HAL_GetTickPrio                                   build/debug/stm32f4xx_hal.o
HAL_GetUIDw0                                      build/debug/stm32f4xx_hal.o
HAL_GetUIDw1                                      build/debug/stm32f4xx_hal.o
HAL_GetUIDw2                                      build/debug/stm32f4xx_hal.o
HAL_IncTick                                       build/debug/stm32f4xx_hal.o
                                                  build/debug/stm32f4xx_it.o
HAL_Init                                          build/debug/stm32f4xx_hal.o
                                                  build/debug/main.o
HAL_InitTick                                      build/debug/stm32f4xx_hal.o
                                                  build/debug/stm32f4xx_hal_rcc_ex.o
                                                  build/debug/stm32f4xx_hal_rcc.o
HAL_MPU_ConfigRegion                              build/debug/stm32f4xx_hal_cortex.o
HAL_MPU_Disable                                   build/debug/stm32f4xx_hal_cortex.o
HAL_MPU_DisableRegion                             build/debug/stm32f4xx_hal_cortex.o
HAL_MPU_Enable                                    build/debug/stm32f4xx_hal_cortex.o
HAL_MPU_EnableRegion                              build/debug/stm32f4xx_hal_cortex.o
HAL_MspDeInit                                     build/debug/stm32f4xx_hal.o
HAL_MspInit                                       build/debug/stm32f4xx_hal_msp.o
                                                  build/debug/stm32f4xx_hal.o
HAL_NVIC_ClearPendingIRQ                          build/debug/stm32f4xx_hal_cortex.o
HAL_NVIC_DisableIRQ                               build/debug/stm32f4xx_hal_cortex.o
                                                  build/debug/usbd_conf.o
HAL_NVIC_EnableIRQ                                build/debug/stm32f4xx_hal_cortex.o
                                                  build/debug/usbd_conf.o
                                                  build/debug/dma.o
HAL_NVIC_GetActive                                build/debug/stm32f4xx_hal_cortex.o
HAL_NVIC_GetPendingIRQ                            build/debug/stm32f4xx_hal_cortex.o
HAL_NVIC_GetPriority                              build/debug/stm32f4xx_hal_cortex.o
HAL_NVIC_GetPriorityGrouping                      build/debug/stm32f4xx_hal_cortex.o
HAL_NVIC_SetPendingIRQ                            build/debug/stm32f4xx_hal_cortex.o
HAL_NVIC_SetPriority                              build/debug/stm32f4xx_hal_cortex.o
                                                  build/debug/usbd_conf.o
                                                  build/debug/stm32f4xx_hal.o